 commqpsktxrx_cgxe

 Timestamp is 67150888 (Sun Oct 20 16:41:28 2024)

 Preferred load address is 0000000180000000

 Start         Length     Name                   Class
 0001:00000000 00018b70H .text$mn                CODE
 0001:00018b70 00000036H .text$mn$00             CODE
 0001:00018ba6 00000092H .text$x                 CODE
 0002:00000000 00000440H .idata$5                DATA
 0002:00000440 00000028H .00cfg                  DATA
 0002:00000468 00000008H .CRT$XCA                DATA
 0002:00000470 00000008H .CRT$XCZ                DATA
 0002:00000478 00000008H .CRT$XIA                DATA
 0002:00000480 00000008H .CRT$XIZ                DATA
 0002:00000488 00000008H .CRT$XPA                DATA
 0002:00000490 00000008H .CRT$XPZ                DATA
 0002:00000498 00000008H .CRT$XTA                DATA
 0002:000004a0 00000010H .CRT$XTZ                DATA
 0002:000004a8 00000000H .gehcont$y              DATA
 0002:000004a8 00000000H .gfids$y                DATA
 0002:000004b0 000007d0H .rdata                  DATA
 0002:00000c80 00000008H .rdata$CastGuardVftablesA DATA
 0002:00000c88 00000008H .rdata$CastGuardVftablesC DATA
 0002:00000c90 00000180H .rdata$voltmd           DATA
 0002:00000e10 00000278H .rdata$zzzdbg           DATA
 0002:00001088 00000008H .rtc$IAA                DATA
 0002:00001090 00000008H .rtc$IZZ                DATA
 0002:00001098 00000008H .rtc$TAA                DATA
 0002:000010a0 00000008H .rtc$TZZ                DATA
 0002:000010a8 00000b38H .xdata                  DATA
 0002:00001be0 0000007cH .edata                  DATA
 0002:00001c5c 00000104H .idata$2                DATA
 0002:00001d60 00000018H .idata$3                DATA
 0002:00001d78 00000440H .idata$4                DATA
 0002:000021b8 00000b98H .idata$6                DATA
 0003:00000000 00009a90H .data                   DATA
 0003:00009a90 00000650H .bss                    DATA
 0004:00000000 00000cf0H .pdata                  DATA

  Address         Publics by Value              Rva+Base               Lib:Object

 0000:00000000       __guard_fids_table         0000000000000000     <absolute>
 0000:00000000       __arm64x_redirection_metadata_count 0000000000000000     <absolute>
 0000:00000000       __guard_check_icall_a64n_fptr 0000000000000000     <absolute>
 0000:00000000       __guard_longjmp_table      0000000000000000     <absolute>
 0000:00000000       __x64_code_ranges_to_entry_points 0000000000000000     <absolute>
 0000:00000000       __hybrid_auxiliary_iat     0000000000000000     <absolute>
 0000:00000000       __enclave_config           0000000000000000     <absolute>
 0000:00000000       __arm64x_extra_rfe_table_size 0000000000000000     <absolute>
 0000:00000000       ___safe_se_handler_count   0000000000000000     <absolute>
 0000:00000000       __guard_eh_cont_table      0000000000000000     <absolute>
 0000:00000000       __hybrid_auxiliary_iat_copy 0000000000000000     <absolute>
 0000:00000000       __guard_iat_table          0000000000000000     <absolute>
 0000:00000000       __AbsoluteZero             0000000000000000     <absolute>
 0000:00000000       __dynamic_value_reloc_table 0000000000000000     <absolute>
 0000:00000000       __x64_code_ranges_to_entry_points_count 0000000000000000     <absolute>
 0000:00000000       __hybrid_code_map_count    0000000000000000     <absolute>
 0000:00000000       __arm64x_native_entrypoint 0000000000000000     <absolute>
 0000:00000000       __guard_fids_count         0000000000000000     <absolute>
 0000:00000000       __guard_eh_cont_count      0000000000000000     <absolute>
 0000:00000000       __hybrid_code_map          0000000000000000     <absolute>
 0000:00000000       __arm64x_extra_rfe_table   0000000000000000     <absolute>
 0000:00000000       __arm64x_redirection_metadata 0000000000000000     <absolute>
 0000:00000000       __guard_longjmp_count      0000000000000000     <absolute>
 0000:00000000       ___safe_se_handler_table   0000000000000000     <absolute>
 0000:00000000       __guard_iat_count          0000000000000000     <absolute>
 0000:00000100       __guard_flags              0000000000000100     <absolute>
 0000:00000000       __ImageBase                0000000180000000     <linker-defined>
 0001:00000000       mexfilerequiredapiversion  0000000180001000 f   c_mexapi_version.obj
 0001:00000030       cgxe_commqpsktxrx_method_dispatcher 0000000180001030 f   commqpsktxrx_cgxe.obj
 0001:00000140       method_dispatcher_BTWFqGYD8aagFTEBQPdwsF 0000000180001140 f   m_BTWFqGYD8aagFTEBQPdwsF.obj
 0001:00007d60       cgxe_BTWFqGYD8aagFTEBQPdwsF_BuildInfoUpdate 0000000180008d60 f   m_BTWFqGYD8aagFTEBQPdwsF.obj
 0001:00008120       cgxe_BTWFqGYD8aagFTEBQPdwsF_fallback_info 0000000180009120 f   m_BTWFqGYD8aagFTEBQPdwsF.obj
 0001:00008200       method_dispatcher_FpwZVT78uS5A5Xdp3o5d3 0000000180009200 f   m_FpwZVT78uS5A5Xdp3o5d3.obj
 0001:0000e310       cgxe_FpwZVT78uS5A5Xdp3o5d3_BuildInfoUpdate 000000018000f310 f   m_FpwZVT78uS5A5Xdp3o5d3.obj
 0001:0000e5b0       cgxe_FpwZVT78uS5A5Xdp3o5d3_fallback_info 000000018000f5b0 f   m_FpwZVT78uS5A5Xdp3o5d3.obj
 0001:0000e650       mexFunction                000000018000f650 f   commqpsktxrx_cgxe_registry.obj
 0001:000104c0       _ssSetInputPortDirectFeedThroughFcn 00000001800114c0 f   commqpsktxrx_cgxe_registry.obj
 0001:00010630       _ssSetRWorkValueFcn        0000000180011630 f   commqpsktxrx_cgxe_registry.obj
 0001:000106b0       _ssGetRWorkValueFcn        00000001800116b0 f   commqpsktxrx_cgxe_registry.obj
 0001:00010720       _ssSetIWorkValueFcn        0000000180011720 f   commqpsktxrx_cgxe_registry.obj
 0001:000107a0       _ssGetIWorkValueFcn        00000001800117a0 f   commqpsktxrx_cgxe_registry.obj
 0001:00010810       _ssSetPWorkValueFcn        0000000180011810 f   commqpsktxrx_cgxe_registry.obj
 0001:00010890       _ssGetPWorkValueFcn        0000000180011890 f   commqpsktxrx_cgxe_registry.obj
 0001:00010900       _ssGetInputPortSignalFcn   0000000180011900 f   commqpsktxrx_cgxe_registry.obj
 0001:00010c90       _ssGetInputPortBufferDstPortFcn 0000000180011c90 f   commqpsktxrx_cgxe_registry.obj
 0001:00010d10       _ssGetInputPortSignalPtrsFcn 0000000180011d10 f   commqpsktxrx_cgxe_registry.obj
 0001:000110a0       ssGetParameterTuningCompliance 00000001800120a0 f   commqpsktxrx_cgxe_registry.obj
 0001:00011110       _ssReadInputStringFcn      0000000180012110 f   commqpsktxrx_cgxe_registry.obj
 0001:00011180       ssGetDTypeIdFromMxArray    0000000180012180 f   commqpsktxrx_cgxe_registry.obj
 0001:000112a0       ssWriteRTWMx2dMatParam     00000001800122a0 f   commqpsktxrx_cgxe_registry.obj
 0001:00011330       ssWriteRTWMxVectParam      0000000180012330 f   commqpsktxrx_cgxe_registry.obj
 0001:000113b0       ssWriteRTWParameters       00000001800123b0 f   commqpsktxrx_cgxe_registry.obj
 0001:00011970       ssWriteRTWParamSettings    0000000180012970 f   commqpsktxrx_cgxe_registry.obj
 0001:00012060       ssWriteRTWStr              0000000180013060 f   commqpsktxrx_cgxe_registry.obj
 0001:000120c0       ssWriteRTWWorkVect         00000001800130c0 f   commqpsktxrx_cgxe_registry.obj
 0001:00012620       ssWarning                  0000000180013620 f   commqpsktxrx_cgxe_registry.obj
 0001:00012710       ssGetRootSS                0000000180013710 f   commqpsktxrx_cgxe_registry.obj
 0001:000127d0       ssGetParentSS              00000001800137d0 f   commqpsktxrx_cgxe_registry.obj
 0001:00012890       ssWriteRTWNameValuePair    0000000180013890 f   commqpsktxrx_cgxe_registry.obj
 0001:00012d90       _ssSetInputPortMatrixDimensions 0000000180013d90 f   commqpsktxrx_cgxe_registry.obj
 0001:00012ee0       _ssSetOutputPortMatrixDimensions 0000000180013ee0 f   commqpsktxrx_cgxe_registry.obj
 0001:00013030       _ssSetInputPortVectorDimension 0000000180014030 f   commqpsktxrx_cgxe_registry.obj
 0001:000130e0       _ssSetOutputPortVectorDimension 00000001800140e0 f   commqpsktxrx_cgxe_registry.obj
 0001:00013190       ssIsRunTimeParamTunable    0000000180014190 f   commqpsktxrx_cgxe_registry.obj
 0001:00013200       ssGetSFuncBlockHandle      0000000180014200 f   commqpsktxrx_cgxe_registry.obj
 0001:00013270       _ssGetCallSystemNumFcnCallDestinations 0000000180014270 f   commqpsktxrx_cgxe_registry.obj
 0001:000132e0       _ssGetCurrentInputPortWidth 00000001800142e0 f   commqpsktxrx_cgxe_registry.obj
 0001:00013420       _ssGetCurrentOutputPortWidth 0000000180014420 f   commqpsktxrx_cgxe_registry.obj
 0001:00013560       ssGetIsZeroCrossControlDisabled 0000000180014560 f   commqpsktxrx_cgxe_registry.obj
 0001:000135d0       ssSetIsInputPortUsedForContZcSignal 00000001800145d0 f   commqpsktxrx_cgxe_registry.obj
 0001:00013640       ssSetZcSignalIsZcElementDisc 0000000180014640 f   commqpsktxrx_cgxe_registry.obj
 0001:000136f0       ssSetZcSignalName          00000001800146f0 f   commqpsktxrx_cgxe_registry.obj
 0001:00013760       ssSetZcSignalWidth         0000000180014760 f   commqpsktxrx_cgxe_registry.obj
 0001:000137d0       ssSetZcSignalZcEventType   00000001800147d0 f   commqpsktxrx_cgxe_registry.obj
 0001:00013840       ssSetZcSignalType          0000000180014840 f   commqpsktxrx_cgxe_registry.obj
 0001:000138b0       ssSetZcSignalZcTol         00000001800148b0 f   commqpsktxrx_cgxe_registry.obj
 0001:00013920       ssSetZcSignalNeedsEventNotification 0000000180014920 f   commqpsktxrx_cgxe_registry.obj
 0001:00013990       ssCreateAndAddZcSignalInfo 0000000180014990 f   commqpsktxrx_cgxe_registry.obj
 0001:00013a00       ssCloneAndAddZcSignalInfo  0000000180014a00 f   commqpsktxrx_cgxe_registry.obj
 0001:00013a70       ssGetNumZcSignals          0000000180014a70 f   commqpsktxrx_cgxe_registry.obj
 0001:00013ae0       ssGetZcSignalVector        0000000180014ae0 f   commqpsktxrx_cgxe_registry.obj
 0001:00013b50       ssGetZcSignalName          0000000180014b50 f   commqpsktxrx_cgxe_registry.obj
 0001:00013bc0       ssGetZcSignalWidth         0000000180014bc0 f   commqpsktxrx_cgxe_registry.obj
 0001:00013c30       ssGetZcSignalZcEventType   0000000180014c30 f   commqpsktxrx_cgxe_registry.obj
 0001:00013ca0       ssGetZcSignalZcEvents      0000000180014ca0 f   commqpsktxrx_cgxe_registry.obj
 0001:00013d10       ssGetZcSignalType          0000000180014d10 f   commqpsktxrx_cgxe_registry.obj
 0001:00013d80       ssGetZcSignalZcTol         0000000180014d80 f   commqpsktxrx_cgxe_registry.obj
 0001:00013e00       ssGetZcSignalNeedsEventNotification 0000000180014e00 f   commqpsktxrx_cgxe_registry.obj
 0001:00013e70       ssGetZcSignalIsZcElementDisc 0000000180014e70 f   commqpsktxrx_cgxe_registry.obj
 0001:00013f10       ssGetIsInputPortElementContinuous 0000000180014f10 f   commqpsktxrx_cgxe_registry.obj
 0001:00013fb0       _ssGetAbsTol               0000000180014fb0 f   commqpsktxrx_cgxe_registry.obj
 0001:00014020       _ssSetStateAbsTol          0000000180015020 f   commqpsktxrx_cgxe_registry.obj
 0001:00014100       _ssSetInputPortReusableFcn 0000000180015100 f   commqpsktxrx_cgxe_registry.obj
 0001:00014200       _ssSetOutputPortReusableFcn 0000000180015200 f   commqpsktxrx_cgxe_registry.obj
 0001:00014300       _ssSetSymbolicDimsSupport  0000000180015300 f   commqpsktxrx_cgxe_registry.obj
 0001:00014370       _ssRegisterSymbolicDimsExpr 0000000180015370 f   commqpsktxrx_cgxe_registry.obj
 0001:000143f0       _ssRegisterSymbolicDimsMATLABExpr 00000001800153f0 f   commqpsktxrx_cgxe_registry.obj
 0001:00014480       _ssRegisterSymbolicDims    0000000180015480 f   commqpsktxrx_cgxe_registry.obj
 0001:00014520       _ssRegisterSymbolicDimsString 0000000180015520 f   commqpsktxrx_cgxe_registry.obj
 0001:000145a0       _ssRegisterSymbolicDimsIntValue 00000001800155a0 f   commqpsktxrx_cgxe_registry.obj
 0001:00014610       _ssRegisterSymbolicEqualRelation 0000000180015610 f   commqpsktxrx_cgxe_registry.obj
 0001:00014680       _ssRegisterSymbolicEqualValue 0000000180015680 f   commqpsktxrx_cgxe_registry.obj
 0001:000146f0       _ssAmendLeadingSymbolicDims 00000001800156f0 f   commqpsktxrx_cgxe_registry.obj
 0001:00014770       _ssAmendTrailingSymbolicDims 0000000180015770 f   commqpsktxrx_cgxe_registry.obj
 0001:000147f0       _ssRegisterSymbolicDimsPlus 00000001800157f0 f   commqpsktxrx_cgxe_registry.obj
 0001:00014870       _ssRegisterSymbolicDimsMinus 0000000180015870 f   commqpsktxrx_cgxe_registry.obj
 0001:000148f0       _ssRegisterSymbolicDimsMultiply 00000001800158f0 f   commqpsktxrx_cgxe_registry.obj
 0001:00014970       _ssRegisterSymbolicDimsDivide 0000000180015970 f   commqpsktxrx_cgxe_registry.obj
 0001:000149f0       _ssGetNumSymbolicDims      00000001800159f0 f   commqpsktxrx_cgxe_registry.obj
 0001:00014a60       _ssGetSymbolicDim          0000000180015a60 f   commqpsktxrx_cgxe_registry.obj
 0001:00014ae0       _ssSetInputPortSymbolicDimsId 0000000180015ae0 f   commqpsktxrx_cgxe_registry.obj
 0001:00014b50       _ssGetCompInputPortSymbolicDimsId 0000000180015b50 f   commqpsktxrx_cgxe_registry.obj
 0001:00014bc0       _ssSetCompInputPortSymbolicDimsId 0000000180015bc0 f   commqpsktxrx_cgxe_registry.obj
 0001:00014c30       _ssSetOutputPortSymbolicDimsId 0000000180015c30 f   commqpsktxrx_cgxe_registry.obj
 0001:00014ca0       _ssGetCompOutputPortSymbolicDimsId 0000000180015ca0 f   commqpsktxrx_cgxe_registry.obj
 0001:00014d10       _ssSetCompOutputPortSymbolicDimsId 0000000180015d10 f   commqpsktxrx_cgxe_registry.obj
 0001:00014d80       _ssGetDWorkSymbolicDimsId  0000000180015d80 f   commqpsktxrx_cgxe_registry.obj
 0001:00014df0       _ssSetDWorkSymbolicDimsId  0000000180015df0 f   commqpsktxrx_cgxe_registry.obj
 0001:00014e60       _ssGetCompDWorkSymbolicDimsId 0000000180015e60 f   commqpsktxrx_cgxe_registry.obj
 0001:00014ed0       _ssSetCompDWorkSymbolicDimsId 0000000180015ed0 f   commqpsktxrx_cgxe_registry.obj
 0001:00014f40       _ssCreateSLCGStringBuffer  0000000180015f40 f   commqpsktxrx_cgxe_registry.obj
 0001:00014fb0       _ssAddToSLCGStringBuffer   0000000180015fb0 f   commqpsktxrx_cgxe_registry.obj
 0001:00015020       _ssGetPointerContainedData 0000000180016020 f   commqpsktxrx_cgxe_registry.obj
 0001:000150b0       _ssGetPointerContainedDataWidth 00000001800160b0 f   commqpsktxrx_cgxe_registry.obj
 0001:00015140       _ssRegisterDynamicArrayDataTypeFcn 0000000180016140 f   commqpsktxrx_cgxe_registry.obj
 0001:000151e0       _ssGetDynamicArrayContainedDataCurrentWidthFcn 00000001800161e0 f   commqpsktxrx_cgxe_registry.obj
 0001:000152b0       _ssGetDynamicArrayContainedDataFcn 00000001800162b0 f   commqpsktxrx_cgxe_registry.obj
 0001:00015380       _ssGetInputPortDynamicArrayDataFcn 0000000180016380 f   commqpsktxrx_cgxe_registry.obj
 0001:00015440       _ssGetOutputPortDynamicArrayDataFcn 0000000180016440 f   commqpsktxrx_cgxe_registry.obj
 0001:00015500       _ssGetInputPortDynamicArrayContainedDataFcn 0000000180016500 f   commqpsktxrx_cgxe_registry.obj
 0001:000155c0       _ssGetOutputPortDynamicArrayContainedDataFcn 00000001800165c0 f   commqpsktxrx_cgxe_registry.obj
 0001:00015680       _ssGetDynamicArrayDWorkContainedDataFcn 0000000180016680 f   commqpsktxrx_cgxe_registry.obj
 0001:00017260       __local_stdio_printf_options 0000000180018260 f i commqpsktxrx_cgxe_registry.obj
 0001:00017270       _vsnprintf_l               0000000180018270 f i commqpsktxrx_cgxe_registry.obj
 0001:000172f0       _vsprintf_l                00000001800182f0 f i commqpsktxrx_cgxe_registry.obj
 0001:00017340       sprintf                    0000000180018340 f i commqpsktxrx_cgxe_registry.obj
 0001:00017390       signDouble                 0000000180018390 f   signLib.obj
 0001:000173e0       signFloat                  00000001800183e0 f   signLib.obj
 0001:00017419       mxSetCell_800              0000000180018419 f   libmx:libmx.dll
 0001:0001741f       mxSetFieldByNumber_800     000000018001841f f   libmx:libmx.dll
 0001:00017425       mxCreateString_800         0000000180018425 f   libmx:libmx.dll
 0001:0001742b       mxCreateCellMatrix_800     000000018001842b f   libmx:libmx.dll
 0001:00017431       mxCreateStructMatrix_800   0000000180018431 f   libmx:libmx.dll
 0001:00017437       mxGetPr_800                0000000180018437 f   libmx:libmx.dll
 0001:0001743d       mxCreateDoubleMatrix_800   000000018001843d f   libmx:libmx.dll
 0001:00017443       mxGetNaN_800               0000000180018443 f   libmx:libmx.dll
 0001:00017449       mxCalloc_800               0000000180018449 f   libmx:libmx.dll
 0001:0001744f       mxGetM_800                 000000018001844f f   libmx:libmx.dll
 0001:00017455       mxGetClassID_800           0000000180018455 f   libmx:libmx.dll
 0001:0001745b       mxGetData_800              000000018001845b f   libmx:libmx.dll
 0001:00017461       mxIsNumeric_800            0000000180018461 f   libmx:libmx.dll
 0001:00017467       mxIsChar_800               0000000180018467 f   libmx:libmx.dll
 0001:0001746d       mxIsComplex_800            000000018001846d f   libmx:libmx.dll
 0001:00017473       mxGetN_800                 0000000180018473 f   libmx:libmx.dll
 0001:00017479       mxSetField_800             0000000180018479 f   libmx:libmx.dll
 0001:0001747f       mxCreateNumericMatrix_800  000000018001847f f   libmx:libmx.dll
 0001:00017485       mxCreateDoubleScalar_800   0000000180018485 f   libmx:libmx.dll
 0001:0001748b       mxGetString_800            000000018001848b f   libmx:libmx.dll
 0001:00017491       mexWarnMsgTxt_800          0000000180018491 f   libmex:libmex.dll
 0001:00017497       mexPrintf_800              0000000180018497 f   libmex:libmex.dll
 0001:0001749d       mexCallMATLAB_800          000000018001849d f   libmex:libmex.dll
 0001:000174a3       mexUnlock_800              00000001800184a3 f   libmex:libmex.dll
 0001:000174a9       mexIsLocked_800            00000001800184a9 f   libmex:libmex.dll
 0001:000174af       muDoubleScalarFloor        00000001800184af f   libmwmathutil:libmwmathutil.dll
 0001:000174b5       muDoubleScalarIsNaN        00000001800184b5 f   libmwmathutil:libmwmathutil.dll
 0001:000174bb       muDoubleScalarIsInf        00000001800184bb f   libmwmathutil:libmwmathutil.dll
 0001:000174c1       muDoubleScalarAbs          00000001800184c1 f   libmwmathutil:libmwmathutil.dll
 0001:000174c7       muDoubleScalarCeil         00000001800184c7 f   libmwmathutil:libmwmathutil.dll
 0001:000174cd       muDoubleScalarRound        00000001800184cd f   libmwmathutil:libmwmathutil.dll
 0001:000174d3       muDoubleScalarExp          00000001800184d3 f   libmwmathutil:libmwmathutil.dll
 0001:000174d9       muDoubleScalarLog          00000001800184d9 f   libmwmathutil:libmwmathutil.dll
 0001:000174df       muDoubleScalarPower        00000001800184df f   libmwmathutil:libmwmathutil.dll
 0001:000174e5       muDoubleScalarSqrt         00000001800184e5 f   libmwmathutil:libmwmathutil.dll
 0001:000174eb       muDoubleScalarRem          00000001800184eb f   libmwmathutil:libmwmathutil.dll
 0001:000174f1       emlrtAlias                 00000001800184f1 f   libemlrt:libemlrt.dll
 0001:000174f7       emlrtLicenseCheckR2022a    00000001800184f7 f   libemlrt:libemlrt.dll
 0001:000174fd       emlrtAssign                00000001800184fd f   libemlrt:libemlrt.dll
 0001:00017503       emlrtDynamicBoundsCheckR2012b 0000000180018503 f   libemlrt:libemlrt.dll
 0001:00017509       emlrtCreateString1R2022a   0000000180018509 f   libemlrt:libemlrt.dll
 0001:0001750f       emlrtCreateStructMatrix    000000018001850f f   libemlrt:libemlrt.dll
 0001:00017515       emlrtCreateStructArray     0000000180018515 f   libemlrt:libemlrt.dll
 0001:0001751b       emlrtGetFieldR2017b        000000018001851b f   libemlrt:libemlrt.dll
 0001:00017521       emlrtSetFieldR2017b        0000000180018521 f   libemlrt:libemlrt.dll
 0001:00017527       emlrtCreateCellMatrix      0000000180018527 f   libemlrt:libemlrt.dll
 0001:0001752d       emlrtSetCell               000000018001852d f   libemlrt:libemlrt.dll
 0001:00017533       emlrtGetCell               0000000180018533 f   libemlrt:libemlrt.dll
 0001:00017539       emlrtCreateNumericMatrix   0000000180018539 f   libemlrt:libemlrt.dll
 0001:0001753f       emlrtCreateNumericArray    000000018001853f f   libemlrt:libemlrt.dll
 0001:00017545       emlrtCreateDoubleScalar    0000000180018545 f   libemlrt:libemlrt.dll
 0001:0001754b       emlrtCreateLogicalScalar   000000018001854b f   libemlrt:libemlrt.dll
 0001:00017551       emlrtCreateCharArray       0000000180018551 f   libemlrt:libemlrt.dll
 0001:00017557       emlrtDestroyArray          0000000180018557 f   libemlrt:libemlrt.dll
 0001:0001755d       emlrtFreeImagIfZero        000000018001855d f   libemlrt:libemlrt.dll
 0001:00017563       emlrtCallMATLABR2012b      0000000180018563 f   libemlrt:libemlrt.dll
 0001:00017569       emlrtInitCharArrayR2013a   0000000180018569 f   libemlrt:libemlrt.dll
 0001:0001756f       emlrtDimSizeGeqCheckR2012b 000000018001856f f   libemlrt:libemlrt.dll
 0001:00017575       emlrtCheckBuiltInR2012b    0000000180018575 f   libemlrt:libemlrt.dll
 0001:0001757b       emlrtCheckStructR2012b     000000018001857b f   libemlrt:libemlrt.dll
 0001:00017581       emlrtImportCharArrayR2015b 0000000180018581 f   libemlrt:libemlrt.dll
 0001:00017587       emlrtImportArrayR2015b     0000000180018587 f   libemlrt:libemlrt.dll
 0001:0001758d       emlrtMxGetData             000000018001858d f   libemlrt:libemlrt.dll
 0001:00017593       emlrtMxGetLogicals         0000000180018593 f   libemlrt:libemlrt.dll
 0001:00017599       cgxertGetInputPortSignal   0000000180018599 f   libmwcgxert:libmwcgxert.dll
 0001:0001759f       cgxertGetOutputPortSignal  000000018001859f f   libmwcgxert:libmwcgxert.dll
 0001:000175a5       cgxertGetRunTimeParamInfoData 00000001800185a5 f   libmwcgxert:libmwcgxert.dll
 0001:000175ab       cgxertGetCurrentInputPortDimensions 00000001800185ab f   libmwcgxert:libmwcgxert.dll
 0001:000175b1       cgxertGetCurrentOutputPortDimensions 00000001800185b1 f   libmwcgxert:libmwcgxert.dll
 0001:000175b7       cgxertSetCurrentOutputPortDimensions 00000001800185b7 f   libmwcgxert:libmwcgxert.dll
 0001:000175bd       cgxertCheckCurrentInputPortDimensions 00000001800185bd f   libmwcgxert:libmwcgxert.dll
 0001:000175c3       cgxertGetRuntimeInstance   00000001800185c3 f   libmwcgxert:libmwcgxert.dll
 0001:000175c9       cgxertSetRuntimeInstance   00000001800185c9 f   libmwcgxert:libmwcgxert.dll
 0001:000175cf       cgxertGetEMLRTCtx          00000001800185cf f   libmwcgxert:libmwcgxert.dll
 0001:000175d5       cgxertSetGcb               00000001800185d5 f   libmwcgxert:libmwcgxert.dll
 0001:000175db       cgxertRestoreGcb           00000001800185db f   libmwcgxert:libmwcgxert.dll
 0001:000175e1       cgxertSetSimStateCompliance 00000001800185e1 f   libmwcgxert:libmwcgxert.dll
 0001:000175e8       __GSHandlerCheck           00000001800185e8 f   MSVCRT:gshandler.obj
 0001:00017608       __GSHandlerCheckCommon     0000000180018608 f   MSVCRT:gshandler.obj
 0001:00017680       __chkstk                   0000000180018680 f   MSVCRT:chkstk.obj
 0001:00017680       _alloca_probe              0000000180018680 f   MSVCRT:chkstk.obj
 0001:000176e0       __security_check_cookie    00000001800186e0 f   MSVCRT:amdsecgs.obj
 0001:00017700       __raise_securityfailure    0000000180018700 f   MSVCRT:gs_report.obj
 0001:00017734       __report_gsfailure         0000000180018734 f   MSVCRT:gs_report.obj
 0001:00017808       __report_rangecheckfailure 0000000180018808 f   MSVCRT:gs_report.obj
 0001:0001781c       __report_securityfailure   000000018001881c f   MSVCRT:gs_report.obj
 0001:000178b8       __report_securityfailureEx 00000001800188b8 f   MSVCRT:gs_report.obj
 0001:00017de8       _CRT_INIT                  0000000180018de8 f   MSVCRT:dll_dllmain.obj
 0001:00017df0       _DllMainCRTStartup         0000000180018df0 f   MSVCRT:dll_dllmain.obj
 0001:00017e9c       __security_init_cookie     0000000180018e9c f   MSVCRT:gs_support.obj
 0001:00017f48       DllMain                    0000000180018f48 f   MSVCRT:dll_dllmain_stub.obj
 0001:00017f6c       ?__scrt_initialize_type_info@@YAXXZ 0000000180018f6c f   MSVCRT:tncleanup.obj
 0001:00017f7c       ?__scrt_uninitialize_type_info@@YAXXZ 0000000180018f7c f   MSVCRT:tncleanup.obj
 0001:00017f88       __local_stdio_scanf_options 0000000180018f88 f i MSVCRT:default_local_stdio_options.obj
 0001:00017f90       __scrt_initialize_default_local_stdio_options 0000000180018f90 f   MSVCRT:default_local_stdio_options.obj
 0001:00017fac       ?configure_argv@__scrt_narrow_argv_policy@@SAHXZ 0000000180018fac f i MSVCRT:utility.obj
 0001:0001800c       ?initialize_environment@__scrt_narrow_environment_policy@@SAHXZ 000000018001900c f i MSVCRT:utility.obj
 0001:00018044       NtCurrentTeb               0000000180019044 f i MSVCRT:utility.obj
 0001:00018050       __scrt_acquire_startup_lock 0000000180019050 f   MSVCRT:utility.obj
 0001:0001808c       __scrt_dllmain_after_initialize_c 000000018001908c f   MSVCRT:utility.obj
 0001:000180c0       __scrt_dllmain_before_initialize_c 00000001800190c0 f   MSVCRT:utility.obj
 0001:000180d8       __scrt_dllmain_crt_thread_attach 00000001800190d8 f   MSVCRT:utility.obj
 0001:00018100       __scrt_dllmain_crt_thread_detach 0000000180019100 f   MSVCRT:utility.obj
 0001:00018118       __scrt_dllmain_exception_filter 0000000180019118 f   MSVCRT:utility.obj
 0001:00018178       __scrt_dllmain_uninitialize_c 0000000180019178 f   MSVCRT:utility.obj
 0001:000181a8       __scrt_dllmain_uninitialize_critical 00000001800191a8 f   MSVCRT:utility.obj
 0001:000181bc       __scrt_initialize_crt      00000001800191bc f   MSVCRT:utility.obj
 0001:00018208       __scrt_initialize_onexit_tables 0000000180019208 f   MSVCRT:utility.obj
 0001:00018294       __scrt_is_nonwritable_in_current_image 0000000180019294 f   MSVCRT:utility.obj
 0001:0001832c       __scrt_release_startup_lock 000000018001932c f   MSVCRT:utility.obj
 0001:00018350       __scrt_uninitialize_crt    0000000180019350 f   MSVCRT:utility.obj
 0001:0001837c       _onexit                    000000018001937c f   MSVCRT:utility.obj
 0001:000183b8       at_quick_exit              00000001800193b8 f   MSVCRT:utility.obj
 0001:000183d8       atexit                     00000001800193d8 f   MSVCRT:utility.obj
 0001:000183f0       __scrt_get_dyn_tls_init_callback 00000001800193f0 f   MSVCRT:dyn_tls_init.obj
 0001:000183f8       __crt_debugger_hook        00000001800193f8 f   MSVCRT:utility_desktop.obj
 0001:00018400       __scrt_fastfail            0000000180019400 f   MSVCRT:utility_desktop.obj
 0001:0001854c       __scrt_get_show_window_mode 000000018001954c f   MSVCRT:utility_desktop.obj
 0001:00018588       __scrt_initialize_mta      0000000180019588 f   MSVCRT:utility_desktop.obj
 0001:00018590       __scrt_initialize_winrt    0000000180019590 f   MSVCRT:utility_desktop.obj
 0001:00018594       __scrt_is_managed_app      0000000180019594 f   MSVCRT:utility_desktop.obj
 0001:000185e8       __scrt_set_unhandled_exception_filter 00000001800195e8 f   MSVCRT:utility_desktop.obj
 0001:000185f8       __scrt_exe_initialize_mta  00000001800195f8 f   MSVCRT:utility_desktop.obj
 0001:000185f8       __scrt_stub_for_initialize_mta 00000001800195f8 f   MSVCRT:utility_desktop.obj
 0001:000185fc       __scrt_unhandled_exception_filter 00000001800195fc f   MSVCRT:utility_desktop.obj
 0001:00018658       _RTC_Initialize            0000000180019658 f   MSVCRT:initsect.obj
 0001:00018694       _RTC_Terminate             0000000180019694 f   MSVCRT:initsect.obj
 0001:000186d0       _guard_check_icall_nop     00000001800196d0 f i MSVCRT:guard_support.obj
 0001:000186d4       ReadNoFence64              00000001800196d4 f i MSVCRT:guard_support.obj
 0001:000186d8       ReadPointerNoFence         00000001800196d8 f i MSVCRT:guard_support.obj
 0001:000186dc       __castguard_check_failure_debugbreak 00000001800196dc f i MSVCRT:guard_support.obj
 0001:000186f8       __castguard_check_failure_fastfail 00000001800196f8 f i MSVCRT:guard_support.obj
 0001:0001871c       __castguard_check_failure_nop 000000018001971c f i MSVCRT:guard_support.obj
 0001:00018720       __castguard_check_failure_os_handled 0000000180019720 f i MSVCRT:guard_support.obj
 0001:00018780       __castguard_slow_path_check_debugbreak 0000000180019780 f i MSVCRT:guard_support.obj
 0001:000187b4       __castguard_slow_path_check_fastfail 00000001800197b4 f i MSVCRT:guard_support.obj
 0001:000187f0       __castguard_slow_path_check_nop 00000001800197f0 f i MSVCRT:guard_support.obj
 0001:000187f4       __castguard_slow_path_check_os_handled 00000001800197f4 f i MSVCRT:guard_support.obj
 0001:00018868       _guard_icall_checks_enforced 0000000180019868 f i MSVCRT:guard_support.obj
 0001:00018880       _guard_rf_checks_enforced  0000000180019880 f i MSVCRT:guard_support.obj
 0001:00018884       __isa_available_init       0000000180019884 f   MSVCRT:cpu_disp.obj
 0001:00018a28       _get_startup_argv_mode     0000000180019a28 f   MSVCRT:argv_mode.obj
 0001:00018a30       __scrt_is_ucrt_dll_in_use  0000000180019a30 f   MSVCRT:ucrt_detection.obj
 0001:00018a40       RtlCaptureContext          0000000180019a40 f   kernel32:KERNEL32.dll
 0001:00018a46       RtlLookupFunctionEntry     0000000180019a46 f   kernel32:KERNEL32.dll
 0001:00018a4c       RtlVirtualUnwind           0000000180019a4c f   kernel32:KERNEL32.dll
 0001:00018a52       UnhandledExceptionFilter   0000000180019a52 f   kernel32:KERNEL32.dll
 0001:00018a58       SetUnhandledExceptionFilter 0000000180019a58 f   kernel32:KERNEL32.dll
 0001:00018a5e       GetCurrentProcess          0000000180019a5e f   kernel32:KERNEL32.dll
 0001:00018a64       TerminateProcess           0000000180019a64 f   kernel32:KERNEL32.dll
 0001:00018a6a       IsProcessorFeaturePresent  0000000180019a6a f   kernel32:KERNEL32.dll
 0001:00018a70       QueryPerformanceCounter    0000000180019a70 f   kernel32:KERNEL32.dll
 0001:00018a76       GetCurrentProcessId        0000000180019a76 f   kernel32:KERNEL32.dll
 0001:00018a7c       GetCurrentThreadId         0000000180019a7c f   kernel32:KERNEL32.dll
 0001:00018a82       GetSystemTimeAsFileTime    0000000180019a82 f   kernel32:KERNEL32.dll
 0001:00018a88       DisableThreadLibraryCalls  0000000180019a88 f   kernel32:KERNEL32.dll
 0001:00018a8e       InitializeSListHead        0000000180019a8e f   kernel32:KERNEL32.dll
 0001:00018a94       IsDebuggerPresent          0000000180019a94 f   kernel32:KERNEL32.dll
 0001:00018a9a       GetStartupInfoW            0000000180019a9a f   kernel32:KERNEL32.dll
 0001:00018aa0       GetModuleHandleW           0000000180019aa0 f   kernel32:KERNEL32.dll
 0001:00018aa6       memcmp                     0000000180019aa6 f   vcruntime:VCRUNTIME140.dll
 0001:00018aac       memcpy                     0000000180019aac f   vcruntime:VCRUNTIME140.dll
 0001:00018ab2       __C_specific_handler       0000000180019ab2 f   vcruntime:VCRUNTIME140.dll
 0001:00018ab8       __std_type_info_destroy_list 0000000180019ab8 f   vcruntime:VCRUNTIME140.dll
 0001:00018abe       __current_exception        0000000180019abe f   vcruntime:VCRUNTIME140.dll
 0001:00018ac4       __current_exception_context 0000000180019ac4 f   vcruntime:VCRUNTIME140.dll
 0001:00018aca       memset                     0000000180019aca f   vcruntime:VCRUNTIME140.dll
 0001:00018ad0       calloc                     0000000180019ad0 f   ucrt:api-ms-win-crt-heap-l1-1-0.dll
 0001:00018ad6       free                       0000000180019ad6 f   ucrt:api-ms-win-crt-heap-l1-1-0.dll
 0001:00018adc       cos                        0000000180019adc f   ucrt:api-ms-win-crt-math-l1-1-0.dll
 0001:00018ae2       sin                        0000000180019ae2 f   ucrt:api-ms-win-crt-math-l1-1-0.dll
 0001:00018ae8       _localtime64               0000000180019ae8 f   ucrt:api-ms-win-crt-time-l1-1-0.dll
 0001:00018aee       _time64                    0000000180019aee f   ucrt:api-ms-win-crt-time-l1-1-0.dll
 0001:00018af4       strcmp                     0000000180019af4 f   ucrt:api-ms-win-crt-string-l1-1-0.dll
 0001:00018afa       strlen                     0000000180019afa f   ucrt:api-ms-win-crt-string-l1-1-0.dll
 0001:00018b00       __stdio_common_vsprintf    0000000180019b00 f   ucrt:api-ms-win-crt-stdio-l1-1-0.dll
 0001:00018b06       malloc                     0000000180019b06 f   ucrt:api-ms-win-crt-heap-l1-1-0.dll
 0001:00018b0c       _initterm                  0000000180019b0c f   ucrt:api-ms-win-crt-runtime-l1-1-0.dll
 0001:00018b12       _initterm_e                0000000180019b12 f   ucrt:api-ms-win-crt-runtime-l1-1-0.dll
 0001:00018b18       _seh_filter_dll            0000000180019b18 f   ucrt:api-ms-win-crt-runtime-l1-1-0.dll
 0001:00018b1e       _configure_narrow_argv     0000000180019b1e f   ucrt:api-ms-win-crt-runtime-l1-1-0.dll
 0001:00018b24       _initialize_narrow_environment 0000000180019b24 f   ucrt:api-ms-win-crt-runtime-l1-1-0.dll
 0001:00018b2a       _initialize_onexit_table   0000000180019b2a f   ucrt:api-ms-win-crt-runtime-l1-1-0.dll
 0001:00018b30       _register_onexit_function  0000000180019b30 f   ucrt:api-ms-win-crt-runtime-l1-1-0.dll
 0001:00018b36       _execute_onexit_table      0000000180019b36 f   ucrt:api-ms-win-crt-runtime-l1-1-0.dll
 0001:00018b3c       _crt_atexit                0000000180019b3c f   ucrt:api-ms-win-crt-runtime-l1-1-0.dll
 0001:00018b42       _crt_at_quick_exit         0000000180019b42 f   ucrt:api-ms-win-crt-runtime-l1-1-0.dll
 0001:00018b48       _cexit                     0000000180019b48 f   ucrt:api-ms-win-crt-runtime-l1-1-0.dll
 0001:00018b4e       terminate                  0000000180019b4e f   ucrt:api-ms-win-crt-runtime-l1-1-0.dll
 0001:00018b54       __vcrt_initialize          0000000180019b54 f   MSVCRT:ucrt_stubs.obj
 0001:00018b54       __scrt_stub_for_acrt_initialize 0000000180019b54 f   MSVCRT:ucrt_stubs.obj
 0001:00018b54       __acrt_initialize          0000000180019b54 f   MSVCRT:ucrt_stubs.obj
 0001:00018b58       __scrt_stub_for_acrt_thread_attach 0000000180019b58 f   MSVCRT:ucrt_stubs.obj
 0001:00018b58       __acrt_thread_attach       0000000180019b58 f   MSVCRT:ucrt_stubs.obj
 0001:00018b58       __vcrt_thread_attach       0000000180019b58 f   MSVCRT:ucrt_stubs.obj
 0001:00018b5c       __acrt_thread_detach       0000000180019b5c f   MSVCRT:ucrt_stubs.obj
 0001:00018b5c       __scrt_stub_for_acrt_thread_detach 0000000180019b5c f   MSVCRT:ucrt_stubs.obj
 0001:00018b5c       __vcrt_thread_detach       0000000180019b5c f   MSVCRT:ucrt_stubs.obj
 0001:00018b60       __scrt_stub_for_acrt_uninitialize 0000000180019b60 f   MSVCRT:ucrt_stubs.obj
 0001:00018b60       __vcrt_uninitialize        0000000180019b60 f   MSVCRT:ucrt_stubs.obj
 0001:00018b60       __acrt_uninitialize        0000000180019b60 f   MSVCRT:ucrt_stubs.obj
 0001:00018b64       __vcrt_uninitialize_critical 0000000180019b64 f   MSVCRT:ucrt_stubs.obj
 0001:00018b64       __acrt_uninitialize_critical 0000000180019b64 f   MSVCRT:ucrt_stubs.obj
 0001:00018b64       __scrt_stub_for_acrt_uninitialize_critical 0000000180019b64 f   MSVCRT:ucrt_stubs.obj
 0001:00018b68       __scrt_stub_for_is_c_termination_complete 0000000180019b68 f   MSVCRT:ucrt_stubs.obj
 0001:00018b68       _is_c_termination_complete 0000000180019b68 f   MSVCRT:ucrt_stubs.obj
 0001:00018b80       _guard_dispatch_icall_nop  0000000180019b80 f   MSVCRT:guard_dispatch.obj
 0001:00018ba0       _guard_xfg_dispatch_icall_nop 0000000180019ba0 f   MSVCRT:guard_xfg_dispatch.obj
 0002:00000000       __imp_DisableThreadLibraryCalls 000000018001a000     kernel32:KERNEL32.dll
 0002:00000008       __imp_InitializeSListHead  000000018001a008     kernel32:KERNEL32.dll
 0002:00000010       __imp_IsDebuggerPresent    000000018001a010     kernel32:KERNEL32.dll
 0002:00000018       __imp_GetModuleHandleW     000000018001a018     kernel32:KERNEL32.dll
 0002:00000020       __imp_RtlCaptureContext    000000018001a020     kernel32:KERNEL32.dll
 0002:00000028       __imp_RtlLookupFunctionEntry 000000018001a028     kernel32:KERNEL32.dll
 0002:00000030       __imp_RtlVirtualUnwind     000000018001a030     kernel32:KERNEL32.dll
 0002:00000038       __imp_UnhandledExceptionFilter 000000018001a038     kernel32:KERNEL32.dll
 0002:00000040       __imp_SetUnhandledExceptionFilter 000000018001a040     kernel32:KERNEL32.dll
 0002:00000048       __imp_GetStartupInfoW      000000018001a048     kernel32:KERNEL32.dll
 0002:00000050       __imp_GetCurrentThreadId   000000018001a050     kernel32:KERNEL32.dll
 0002:00000058       __imp_GetCurrentProcessId  000000018001a058     kernel32:KERNEL32.dll
 0002:00000060       __imp_GetSystemTimeAsFileTime 000000018001a060     kernel32:KERNEL32.dll
 0002:00000068       __imp_GetCurrentProcess    000000018001a068     kernel32:KERNEL32.dll
 0002:00000070       __imp_TerminateProcess     000000018001a070     kernel32:KERNEL32.dll
 0002:00000078       __imp_IsProcessorFeaturePresent 000000018001a078     kernel32:KERNEL32.dll
 0002:00000080       __imp_QueryPerformanceCounter 000000018001a080     kernel32:KERNEL32.dll
 0002:00000088       \177KERNEL32_NULL_THUNK_DATA 000000018001a088     kernel32:KERNEL32.dll
 0002:00000090       __imp___std_type_info_destroy_list 000000018001a090     vcruntime:VCRUNTIME140.dll
 0002:00000098       __imp___current_exception  000000018001a098     vcruntime:VCRUNTIME140.dll
 0002:000000a0       __imp_memcmp               000000018001a0a0     vcruntime:VCRUNTIME140.dll
 0002:000000a8       __imp_memcpy               000000018001a0a8     vcruntime:VCRUNTIME140.dll
 0002:000000b0       __imp_memset               000000018001a0b0     vcruntime:VCRUNTIME140.dll
 0002:000000b8       __imp___current_exception_context 000000018001a0b8     vcruntime:VCRUNTIME140.dll
 0002:000000c0       __imp___C_specific_handler 000000018001a0c0     vcruntime:VCRUNTIME140.dll
 0002:000000c8       \177VCRUNTIME140_NULL_THUNK_DATA 000000018001a0c8     vcruntime:VCRUNTIME140.dll
 0002:000000d0       __imp_calloc               000000018001a0d0     ucrt:api-ms-win-crt-heap-l1-1-0.dll
 0002:000000d8       __imp_free                 000000018001a0d8     ucrt:api-ms-win-crt-heap-l1-1-0.dll
 0002:000000e0       __imp_malloc               000000018001a0e0     ucrt:api-ms-win-crt-heap-l1-1-0.dll
 0002:000000e8       \177api-ms-win-crt-heap-l1-1-0_NULL_THUNK_DATA 000000018001a0e8     ucrt:api-ms-win-crt-heap-l1-1-0.dll
 0002:000000f0       __imp_cos                  000000018001a0f0     ucrt:api-ms-win-crt-math-l1-1-0.dll
 0002:000000f8       __imp_sin                  000000018001a0f8     ucrt:api-ms-win-crt-math-l1-1-0.dll
 0002:00000100       \177api-ms-win-crt-math-l1-1-0_NULL_THUNK_DATA 000000018001a100     ucrt:api-ms-win-crt-math-l1-1-0.dll
 0002:00000108       __imp__initialize_narrow_environment 000000018001a108     ucrt:api-ms-win-crt-runtime-l1-1-0.dll
 0002:00000110       __imp__initterm            000000018001a110     ucrt:api-ms-win-crt-runtime-l1-1-0.dll
 0002:00000118       __imp__configure_narrow_argv 000000018001a118     ucrt:api-ms-win-crt-runtime-l1-1-0.dll
 0002:00000120       __imp__register_onexit_function 000000018001a120     ucrt:api-ms-win-crt-runtime-l1-1-0.dll
 0002:00000128       __imp__execute_onexit_table 000000018001a128     ucrt:api-ms-win-crt-runtime-l1-1-0.dll
 0002:00000130       __imp__crt_atexit          000000018001a130     ucrt:api-ms-win-crt-runtime-l1-1-0.dll
 0002:00000138       __imp__crt_at_quick_exit   000000018001a138     ucrt:api-ms-win-crt-runtime-l1-1-0.dll
 0002:00000140       __imp__cexit               000000018001a140     ucrt:api-ms-win-crt-runtime-l1-1-0.dll
 0002:00000148       __imp_terminate            000000018001a148     ucrt:api-ms-win-crt-runtime-l1-1-0.dll
 0002:00000150       __imp__seh_filter_dll      000000018001a150     ucrt:api-ms-win-crt-runtime-l1-1-0.dll
 0002:00000158       __imp__initialize_onexit_table 000000018001a158     ucrt:api-ms-win-crt-runtime-l1-1-0.dll
 0002:00000160       __imp__initterm_e          000000018001a160     ucrt:api-ms-win-crt-runtime-l1-1-0.dll
 0002:00000168       \177api-ms-win-crt-runtime-l1-1-0_NULL_THUNK_DATA 000000018001a168     ucrt:api-ms-win-crt-runtime-l1-1-0.dll
 0002:00000170       __imp___stdio_common_vsprintf 000000018001a170     ucrt:api-ms-win-crt-stdio-l1-1-0.dll
 0002:00000178       \177api-ms-win-crt-stdio-l1-1-0_NULL_THUNK_DATA 000000018001a178     ucrt:api-ms-win-crt-stdio-l1-1-0.dll
 0002:00000180       __imp_strlen               000000018001a180     ucrt:api-ms-win-crt-string-l1-1-0.dll
 0002:00000188       __imp_strcmp               000000018001a188     ucrt:api-ms-win-crt-string-l1-1-0.dll
 0002:00000190       \177api-ms-win-crt-string-l1-1-0_NULL_THUNK_DATA 000000018001a190     ucrt:api-ms-win-crt-string-l1-1-0.dll
 0002:00000198       __imp__localtime64         000000018001a198     ucrt:api-ms-win-crt-time-l1-1-0.dll
 0002:000001a0       __imp__time64              000000018001a1a0     ucrt:api-ms-win-crt-time-l1-1-0.dll
 0002:000001a8       \177api-ms-win-crt-time-l1-1-0_NULL_THUNK_DATA 000000018001a1a8     ucrt:api-ms-win-crt-time-l1-1-0.dll
 0002:000001b0       __imp_emlrtCreateLogicalScalar 000000018001a1b0     libemlrt:libemlrt.dll
 0002:000001b8       __imp_emlrtCreateCharArray 000000018001a1b8     libemlrt:libemlrt.dll
 0002:000001c0       __imp_emlrtDestroyArray    000000018001a1c0     libemlrt:libemlrt.dll
 0002:000001c8       __imp_emlrtFreeImagIfZero  000000018001a1c8     libemlrt:libemlrt.dll
 0002:000001d0       __imp_emlrtCallMATLABR2012b 000000018001a1d0     libemlrt:libemlrt.dll
 0002:000001d8       __imp_emlrtInitCharArrayR2013a 000000018001a1d8     libemlrt:libemlrt.dll
 0002:000001e0       __imp_emlrtCreateNumericArray 000000018001a1e0     libemlrt:libemlrt.dll
 0002:000001e8       __imp_emlrtCheckBuiltInR2012b 000000018001a1e8     libemlrt:libemlrt.dll
 0002:000001f0       __imp_emlrtCheckStructR2012b 000000018001a1f0     libemlrt:libemlrt.dll
 0002:000001f8       __imp_emlrtImportCharArrayR2015b 000000018001a1f8     libemlrt:libemlrt.dll
 0002:00000200       __imp_emlrtImportArrayR2015b 000000018001a200     libemlrt:libemlrt.dll
 0002:00000208       __imp_emlrtMxGetData       000000018001a208     libemlrt:libemlrt.dll
 0002:00000210       __imp_emlrtMxGetLogicals   000000018001a210     libemlrt:libemlrt.dll
 0002:00000218       __imp_emlrtCreateStructArray 000000018001a218     libemlrt:libemlrt.dll
 0002:00000220       __imp_emlrtGetCell         000000018001a220     libemlrt:libemlrt.dll
 0002:00000228       __imp_emlrtCreateDoubleScalar 000000018001a228     libemlrt:libemlrt.dll
 0002:00000230       __imp_emlrtSetCell         000000018001a230     libemlrt:libemlrt.dll
 0002:00000238       __imp_emlrtCreateCellMatrix 000000018001a238     libemlrt:libemlrt.dll
 0002:00000240       __imp_emlrtSetFieldR2017b  000000018001a240     libemlrt:libemlrt.dll
 0002:00000248       __imp_emlrtDimSizeGeqCheckR2012b 000000018001a248     libemlrt:libemlrt.dll
 0002:00000250       __imp_emlrtCreateNumericMatrix 000000018001a250     libemlrt:libemlrt.dll
 0002:00000258       __imp_emlrtGetFieldR2017b  000000018001a258     libemlrt:libemlrt.dll
 0002:00000260       __imp_emlrtAlias           000000018001a260     libemlrt:libemlrt.dll
 0002:00000268       __imp_emlrtLicenseCheckR2022a 000000018001a268     libemlrt:libemlrt.dll
 0002:00000270       __imp_emlrtAssign          000000018001a270     libemlrt:libemlrt.dll
 0002:00000278       __imp_emlrtDynamicBoundsCheckR2012b 000000018001a278     libemlrt:libemlrt.dll
 0002:00000280       __imp_emlrtCreateString1R2022a 000000018001a280     libemlrt:libemlrt.dll
 0002:00000288       __imp_emlrtCreateStructMatrix 000000018001a288     libemlrt:libemlrt.dll
 0002:00000290       \177libemlrt_NULL_THUNK_DATA 000000018001a290     libemlrt:libemlrt.dll
 0002:00000298       __imp_mexWarnMsgTxt_800    000000018001a298     libmex:libmex.dll
 0002:000002a0       __imp_mexPrintf_800        000000018001a2a0     libmex:libmex.dll
 0002:000002a8       __imp_mexCallMATLAB_800    000000018001a2a8     libmex:libmex.dll
 0002:000002b0       __imp_mexIsLocked_800      000000018001a2b0     libmex:libmex.dll
 0002:000002b8       __imp_mexUnlock_800        000000018001a2b8     libmex:libmex.dll
 0002:000002c0       \177libmex_NULL_THUNK_DATA 000000018001a2c0     libmex:libmex.dll
 0002:000002c8       __imp_cgxertGetCurrentOutputPortDimensions 000000018001a2c8     libmwcgxert:libmwcgxert.dll
 0002:000002d0       __imp_cgxertSetCurrentOutputPortDimensions 000000018001a2d0     libmwcgxert:libmwcgxert.dll
 0002:000002d8       __imp_cgxertSetRuntimeInstance 000000018001a2d8     libmwcgxert:libmwcgxert.dll
 0002:000002e0       __imp_cgxertSetSimStateCompliance 000000018001a2e0     libmwcgxert:libmwcgxert.dll
 0002:000002e8       __imp_cgxertGetEMLRTCtx    000000018001a2e8     libmwcgxert:libmwcgxert.dll
 0002:000002f0       __imp_cgxertSetGcb         000000018001a2f0     libmwcgxert:libmwcgxert.dll
 0002:000002f8       __imp_cgxertRestoreGcb     000000018001a2f8     libmwcgxert:libmwcgxert.dll
 0002:00000300       __imp_cgxertGetCurrentInputPortDimensions 000000018001a300     libmwcgxert:libmwcgxert.dll
 0002:00000308       __imp_cgxertGetRunTimeParamInfoData 000000018001a308     libmwcgxert:libmwcgxert.dll
 0002:00000310       __imp_cgxertGetOutputPortSignal 000000018001a310     libmwcgxert:libmwcgxert.dll
 0002:00000318       __imp_cgxertGetInputPortSignal 000000018001a318     libmwcgxert:libmwcgxert.dll
 0002:00000320       __imp_cgxertGetRuntimeInstance 000000018001a320     libmwcgxert:libmwcgxert.dll
 0002:00000328       __imp_cgxertCheckCurrentInputPortDimensions 000000018001a328     libmwcgxert:libmwcgxert.dll
 0002:00000330       \177libmwcgxert_NULL_THUNK_DATA 000000018001a330     libmwcgxert:libmwcgxert.dll
 0002:00000338       __imp_muDoubleScalarIsNaN  000000018001a338     libmwmathutil:libmwmathutil.dll
 0002:00000340       __imp_muDoubleScalarRem    000000018001a340     libmwmathutil:libmwmathutil.dll
 0002:00000348       __imp_muDoubleScalarSqrt   000000018001a348     libmwmathutil:libmwmathutil.dll
 0002:00000350       __imp_muDoubleScalarPower  000000018001a350     libmwmathutil:libmwmathutil.dll
 0002:00000358       __imp_muDoubleScalarLog    000000018001a358     libmwmathutil:libmwmathutil.dll
 0002:00000360       __imp_muDoubleScalarExp    000000018001a360     libmwmathutil:libmwmathutil.dll
 0002:00000368       __imp_muDoubleScalarRound  000000018001a368     libmwmathutil:libmwmathutil.dll
 0002:00000370       __imp_muDoubleScalarCeil   000000018001a370     libmwmathutil:libmwmathutil.dll
 0002:00000378       __imp_muDoubleScalarAbs    000000018001a378     libmwmathutil:libmwmathutil.dll
 0002:00000380       __imp_muDoubleScalarIsInf  000000018001a380     libmwmathutil:libmwmathutil.dll
 0002:00000388       __imp_muDoubleScalarFloor  000000018001a388     libmwmathutil:libmwmathutil.dll
 0002:00000390       \177libmwmathutil_NULL_THUNK_DATA 000000018001a390     libmwmathutil:libmwmathutil.dll
 0002:00000398       __imp_mxSetFieldByNumber_800 000000018001a398     libmx:libmx.dll
 0002:000003a0       __imp_mxGetString_800      000000018001a3a0     libmx:libmx.dll
 0002:000003a8       __imp_mxCreateDoubleScalar_800 000000018001a3a8     libmx:libmx.dll
 0002:000003b0       __imp_mxCreateNumericMatrix_800 000000018001a3b0     libmx:libmx.dll
 0002:000003b8       __imp_mxSetField_800       000000018001a3b8     libmx:libmx.dll
 0002:000003c0       __imp_mxGetN_800           000000018001a3c0     libmx:libmx.dll
 0002:000003c8       __imp_mxIsComplex_800      000000018001a3c8     libmx:libmx.dll
 0002:000003d0       __imp_mxIsChar_800         000000018001a3d0     libmx:libmx.dll
 0002:000003d8       __imp_mxIsNumeric_800      000000018001a3d8     libmx:libmx.dll
 0002:000003e0       __imp_mxGetData_800        000000018001a3e0     libmx:libmx.dll
 0002:000003e8       __imp_mxGetClassID_800     000000018001a3e8     libmx:libmx.dll
 0002:000003f0       __imp_mxGetM_800           000000018001a3f0     libmx:libmx.dll
 0002:000003f8       __imp_mxCalloc_800         000000018001a3f8     libmx:libmx.dll
 0002:00000400       __imp_mxGetNaN_800         000000018001a400     libmx:libmx.dll
 0002:00000408       __imp_mxCreateDoubleMatrix_800 000000018001a408     libmx:libmx.dll
 0002:00000410       __imp_mxGetPr_800          000000018001a410     libmx:libmx.dll
 0002:00000418       __imp_mxCreateStructMatrix_800 000000018001a418     libmx:libmx.dll
 0002:00000420       __imp_mxCreateCellMatrix_800 000000018001a420     libmx:libmx.dll
 0002:00000428       __imp_mxCreateString_800   000000018001a428     libmx:libmx.dll
 0002:00000430       __imp_mxSetCell_800        000000018001a430     libmx:libmx.dll
 0002:00000438       \177libmx_NULL_THUNK_DATA  000000018001a438     libmx:libmx.dll
 0002:00000440       __guard_check_icall_fptr   000000018001a440     MSVCRT:guard_support.obj
 0002:00000448       __guard_xfg_check_icall_fptr 000000018001a448     MSVCRT:guard_support.obj
 0002:00000450       __guard_dispatch_icall_fptr 000000018001a450     MSVCRT:guard_support.obj
 0002:00000458       __guard_xfg_dispatch_icall_fptr 000000018001a458     MSVCRT:guard_support.obj
 0002:00000460       __guard_xfg_table_dispatch_icall_fptr 000000018001a460     MSVCRT:guard_support.obj
 0002:00000468       __xc_a                     000000018001a468     MSVCRT:initializers.obj
 0002:00000470       __xc_z                     000000018001a470     MSVCRT:initializers.obj
 0002:00000478       __xi_a                     000000018001a478     MSVCRT:initializers.obj
 0002:00000480       __xi_z                     000000018001a480     MSVCRT:initializers.obj
 0002:00000488       __xp_a                     000000018001a488     MSVCRT:initializers.obj
 0002:00000490       __xp_z                     000000018001a490     MSVCRT:initializers.obj
 0002:00000498       __xt_a                     000000018001a498     MSVCRT:initializers.obj
 0002:000004a0       __xt_z                     000000018001a4a0     MSVCRT:initializers.obj
 0002:00000688       __real@0000000000000000    000000018001a688     m_BTWFqGYD8aagFTEBQPdwsF.obj
 0002:00000690       __real@3fd0000000000000    000000018001a690     m_BTWFqGYD8aagFTEBQPdwsF.obj
 0002:00000698       __real@3fe921fb54442d18    000000018001a698     m_BTWFqGYD8aagFTEBQPdwsF.obj
 0002:000006a0       __real@3ff0000000000000    000000018001a6a0     m_BTWFqGYD8aagFTEBQPdwsF.obj
 0002:000006a8       __real@4000000000000000    000000018001a6a8     m_BTWFqGYD8aagFTEBQPdwsF.obj
 0002:000006b0       __real@4010000000000000    000000018001a6b0     m_BTWFqGYD8aagFTEBQPdwsF.obj
 0002:000006b8       __real@bff0000000000000    000000018001a6b8     m_BTWFqGYD8aagFTEBQPdwsF.obj
 0002:000006c0       __xmm@80000000000000008000000000000000 000000018001a6c0     m_BTWFqGYD8aagFTEBQPdwsF.obj
 0002:00000810       __real@3ca0000000000000    000000018001a810     m_FpwZVT78uS5A5Xdp3o5d3.obj
 0002:00000818       __real@3cb0000000000000    000000018001a818     m_FpwZVT78uS5A5Xdp3o5d3.obj
 0002:00000820       __real@3ce269bff1f8c190    000000018001a820     m_FpwZVT78uS5A5Xdp3o5d3.obj
 0002:00000828       __real@3e120d3f686439e4    000000018001a828     m_FpwZVT78uS5A5Xdp3o5d3.obj
 0002:00000830       __real@3e831446f740b9e0    000000018001a830     m_FpwZVT78uS5A5Xdp3o5d3.obj
 0002:00000838       __real@3e8afb74d693bf93    000000018001a838     m_FpwZVT78uS5A5Xdp3o5d3.obj
 0002:00000840       __real@3ef35c2c496374bf    000000018001a840     m_FpwZVT78uS5A5Xdp3o5d3.obj
 0002:00000848       __real@3efc6ec6cc59e02a    000000018001a848     m_FpwZVT78uS5A5Xdp3o5d3.obj
 0002:00000850       __real@3f41f18cbfdf2728    000000018001a850     m_FpwZVT78uS5A5Xdp3o5d3.obj
 0002:00000858       __real@3f49615ac0b7ace9    000000018001a858     m_FpwZVT78uS5A5Xdp3o5d3.obj
 0002:00000860       __real@3f49c8bc979dc5d7    000000018001a860     m_FpwZVT78uS5A5Xdp3o5d3.obj
 0002:00000868       __real@3f545c1908425345    000000018001a868     m_FpwZVT78uS5A5Xdp3o5d3.obj
 0002:00000870       __real@3f8e76f93215462a    000000018001a870     m_FpwZVT78uS5A5Xdp3o5d3.obj
 0002:00000878       __real@3f8f207a7eab17bf    000000018001a878     m_FpwZVT78uS5A5Xdp3o5d3.obj
 0002:00000880       __real@3f9744eb6c45ec67    000000018001a880     m_FpwZVT78uS5A5Xdp3o5d3.obj
 0002:00000888       __real@3f9b2b41193b4ee7    000000018001a888     m_FpwZVT78uS5A5Xdp3o5d3.obj
 0002:00000890       __real@3fc186eb183443fb    000000018001a890     m_FpwZVT78uS5A5Xdp3o5d3.obj
 0002:00000898       __real@3fc2f5123394f040    000000018001a898     m_FpwZVT78uS5A5Xdp3o5d3.obj
 0002:000008a0       __real@3fc71eb851eb851f    000000018001a8a0     m_FpwZVT78uS5A5Xdp3o5d3.obj
 0002:000008a8       __real@3fcef2abb9b85c37    000000018001a8a8     m_FpwZVT78uS5A5Xdp3o5d3.obj
 0002:000008b0       __real@3fd183aa6c20e8bc    000000018001a8b0     m_FpwZVT78uS5A5Xdp3o5d3.obj
 0002:000008b8       __real@3fd2fad9315255cf    000000018001a8b8     m_FpwZVT78uS5A5Xdp3o5d3.obj
 0002:000008c0       __real@3fdb333333333333    000000018001a8c0     m_FpwZVT78uS5A5Xdp3o5d3.obj
 0002:000008c8       __real@3fe0000000000000    000000018001a8c8     m_FpwZVT78uS5A5Xdp3o5d3.obj
 0002:000008d0       __real@3fe331d34fc7d77f    000000018001a8d0     m_FpwZVT78uS5A5Xdp3o5d3.obj
 0002:000008d8       __real@3fe61292f23385c9    000000018001a8d8     m_FpwZVT78uS5A5Xdp3o5d3.obj
 0002:000008e0       __real@3ff453cc085375b2    000000018001a8e0     m_FpwZVT78uS5A5Xdp3o5d3.obj
 0002:000008e8       __real@3ff6a09e667f3bcd    000000018001a8e8     m_FpwZVT78uS5A5Xdp3o5d3.obj
 0002:000008f0       __real@3ff6c665fde9526a    000000018001a8f0     m_FpwZVT78uS5A5Xdp3o5d3.obj
 0002:000008f8       __real@3ff999999999999a    000000018001a8f8     m_FpwZVT78uS5A5Xdp3o5d3.obj
 0002:00000900       __real@3ffad278e6526633    000000018001a900     m_FpwZVT78uS5A5Xdp3o5d3.obj
 0002:00000908       __real@3ffc8ea6461fa445    000000018001a908     m_FpwZVT78uS5A5Xdp3o5d3.obj
 0002:00000910       __real@40006cefbb46a449    000000018001a910     m_FpwZVT78uS5A5Xdp3o5d3.obj
 0002:00000918       __real@400b18d91e9eef75    000000018001a918     m_FpwZVT78uS5A5Xdp3o5d3.obj
 0002:00000920       __real@400d2ecb1a3d02c4    000000018001a920     m_FpwZVT78uS5A5Xdp3o5d3.obj
 0002:00000928       __real@400d3bb48209ad36    000000018001a928     m_FpwZVT78uS5A5Xdp3o5d3.obj
 0002:00000930       __real@4012857748cab19b    000000018001a930     m_FpwZVT78uS5A5Xdp3o5d3.obj
 0002:00000938       __real@4014000000000000    000000018001a938     m_FpwZVT78uS5A5Xdp3o5d3.obj
 0002:00000940       __real@4015daea6e875003    000000018001a940     m_FpwZVT78uS5A5Xdp3o5d3.obj
 0002:00000948       __real@401713f71462256a    000000018001a948     m_FpwZVT78uS5A5Xdp3o5d3.obj
 0002:00000950       __real@401aa1b1c13ee526    000000018001a950     m_FpwZVT78uS5A5Xdp3o5d3.obj
 0002:00000958       __real@4024000000000000    000000018001a958     m_FpwZVT78uS5A5Xdp3o5d3.obj
 0002:00000960       __real@4045281b386e1ab5    000000018001a960     m_FpwZVT78uS5A5Xdp3o5d3.obj
 0002:00000968       __real@404e000000000000    000000018001a968     m_FpwZVT78uS5A5Xdp3o5d3.obj
 0002:00000970       __real@4059000000000000    000000018001a970     m_FpwZVT78uS5A5Xdp3o5d3.obj
 0002:00000978       __real@4060a4888b1a436e    000000018001a978     m_FpwZVT78uS5A5Xdp3o5d3.obj
 0002:00000980       __real@4070000000000000    000000018001a980     m_FpwZVT78uS5A5Xdp3o5d3.obj
 0002:00000988       __real@4076d00000000000    000000018001a988     m_FpwZVT78uS5A5Xdp3o5d3.obj
 0002:00000990       __real@4079000000000000    000000018001a990     m_FpwZVT78uS5A5Xdp3o5d3.obj
 0002:00000998       __real@4085797efdc8b3f7    000000018001a998     m_FpwZVT78uS5A5Xdp3o5d3.obj
 0002:000009a0       __real@409ece5d2213c0cc    000000018001a9a0     m_FpwZVT78uS5A5Xdp3o5d3.obj
 0002:000009a8       __real@40a39a296f7d925e    000000018001a9a8     m_FpwZVT78uS5A5Xdp3o5d3.obj
 0002:000009b0       __real@40ac200000000000    000000018001a9b0     m_FpwZVT78uS5A5Xdp3o5d3.obj
 0002:000009b8       __real@40b46a7eca984b69    000000018001a9b8     m_FpwZVT78uS5A5Xdp3o5d3.obj
 0002:000009c0       __real@40b512322e75c89f    000000018001a9c0     m_FpwZVT78uS5A5Xdp3o5d3.obj
 0002:000009c8       __real@40cad1d8cd4ee71d    000000018001a9c8     m_FpwZVT78uS5A5Xdp3o5d3.obj
 0002:000009d0       __real@40d4b772d5d65266    000000018001a9d0     m_FpwZVT78uS5A5Xdp3o5d3.obj
 0002:000009d8       __real@40dc0e457cb1ae76    000000018001a9d8     m_FpwZVT78uS5A5Xdp3o5d3.obj
 0002:000009e0       __real@40e052d26b2e45e4    000000018001a9e0     m_FpwZVT78uS5A5Xdp3o5d3.obj
 0002:000009e8       __real@40e3317caa64f4be    000000018001a9e8     m_FpwZVT78uS5A5Xdp3o5d3.obj
 0002:000009f0       __real@40e66c3e869b752a    000000018001a9f0     m_FpwZVT78uS5A5Xdp3o5d3.obj
 0002:000009f8       __real@40f06c1c55b78f20    000000018001a9f8     m_FpwZVT78uS5A5Xdp3o5d3.obj
 0002:00000a00       __real@40f5180000000000    000000018001aa00     m_FpwZVT78uS5A5Xdp3o5d3.obj
 0002:00000a08       __real@41607ac000000000    000000018001aa08     m_FpwZVT78uS5A5Xdp3o5d3.obj
 0002:00000a10       __real@4170000000000000    000000018001aa10     m_FpwZVT78uS5A5Xdp3o5d3.obj
 0002:00000a18       __real@4190000000000000    000000018001aa18     m_FpwZVT78uS5A5Xdp3o5d3.obj
 0002:00000a20       __real@41dfffffffc00000    000000018001aa20     m_FpwZVT78uS5A5Xdp3o5d3.obj
 0002:00000a28       __real@41f0000000000000    000000018001aa28     m_FpwZVT78uS5A5Xdp3o5d3.obj
 0002:00000a30       __real@bfe0000000000000    000000018001aa30     m_FpwZVT78uS5A5Xdp3o5d3.obj
 0002:00000a38       __real@c000000000000000    000000018001aa38     m_FpwZVT78uS5A5Xdp3o5d3.obj
 0002:00000a40       DYNAMIC_DIMENSION_DEF      000000018001aa40     commqpsktxrx_cgxe_registry.obj
 0002:00000a58       __real@41602cbca0000000    000000018001aa58     commqpsktxrx_cgxe_registry.obj
 0002:00000a60       __real@419a762c3c000000    000000018001aa60     commqpsktxrx_cgxe_registry.obj
 0002:00000a68       __real@41c5c2ea4a800000    000000018001aa68     commqpsktxrx_cgxe_registry.obj
 0002:00000a70       __real@41c9a38ed8800000    000000018001aa70     commqpsktxrx_cgxe_registry.obj
 0002:00000a78       __real@41cfa763d1000000    000000018001aa78     commqpsktxrx_cgxe_registry.obj
 0002:00000a80       __real@41d004cc3dc00000    000000018001aa80     commqpsktxrx_cgxe_registry.obj
 0002:00000a88       __real@41d094cb56800000    000000018001aa88     commqpsktxrx_cgxe_registry.obj
 0002:00000a90       __real@41da2ad719c00000    000000018001aa90     commqpsktxrx_cgxe_registry.obj
 0002:00000a98       __real@41db026c24800000    000000018001aa98     commqpsktxrx_cgxe_registry.obj
 0002:00000aa0       __real@41dc67f553c00000    000000018001aaa0     commqpsktxrx_cgxe_registry.obj
 0002:00000aa8       __real@41e13401bfc00000    000000018001aaa8     commqpsktxrx_cgxe_registry.obj
 0002:00000ab0       __real@41e2069ed9a00000    000000018001aab0     commqpsktxrx_cgxe_registry.obj
 0002:00000ab8       __real@41e3923f58c00000    000000018001aab8     commqpsktxrx_cgxe_registry.obj
 0002:00000ac0       __real@41e5b0b712600000    000000018001aac0     commqpsktxrx_cgxe_registry.obj
 0002:00000ac8       __real@41e63b3a75600000    000000018001aac8     commqpsktxrx_cgxe_registry.obj
 0002:00000ad0       __real@41e8e20005600000    000000018001aad0     commqpsktxrx_cgxe_registry.obj
 0002:00000ad8       __real@41e8e552b1200000    000000018001aad8     commqpsktxrx_cgxe_registry.obj
 0002:00000ae0       __real@00000000            000000018001aae0     signLib.obj
 0002:00000ae4       __real@3f800000            000000018001aae4     signLib.obj
 0002:00000ae8       __real@bf800000            000000018001aae8     signLib.obj
 0002:00000b00       _pRawDllMain               000000018001ab00     MSVCRT:dll_dllmain.obj
 0002:00000b00       _pDefaultRawDllMain        000000018001ab00     MSVCRT:dll_dllmain.obj
 0002:00000b10       __xmm@ffffffffffffffffffffffffffffffff 000000018001ab10     MSVCRT:utility.obj
 0002:00000b40       _load_config_used          000000018001ab40     MSVCRT:loadcfg.obj
 0002:00000c80       __CastGuardVftablesStart   000000018001ac80     MSVCRT:guard_support.obj
 0002:00000c88       __CastGuardVftablesEnd     000000018001ac88     MSVCRT:guard_support.obj
 0002:00000c90       __volatile_metadata        000000018001ac90     <linker-defined>
 0002:00001088       __rtc_iaa                  000000018001b088     MSVCRT:initsect.obj
 0002:00001090       __rtc_izz                  000000018001b090     MSVCRT:initsect.obj
 0002:00001098       __rtc_taa                  000000018001b098     MSVCRT:initsect.obj
 0002:000010a0       __rtc_tzz                  000000018001b0a0     MSVCRT:initsect.obj
 0002:00001c5c       __IMPORT_DESCRIPTOR_libmx  000000018001bc5c     libmx:libmx.dll
 0002:00001c70       __IMPORT_DESCRIPTOR_libmex 000000018001bc70     libmex:libmex.dll
 0002:00001c84       __IMPORT_DESCRIPTOR_libmwmathutil 000000018001bc84     libmwmathutil:libmwmathutil.dll
 0002:00001c98       __IMPORT_DESCRIPTOR_libemlrt 000000018001bc98     libemlrt:libemlrt.dll
 0002:00001cac       __IMPORT_DESCRIPTOR_libmwcgxert 000000018001bcac     libmwcgxert:libmwcgxert.dll
 0002:00001cc0       __IMPORT_DESCRIPTOR_KERNEL32 000000018001bcc0     kernel32:KERNEL32.dll
 0002:00001cd4       __IMPORT_DESCRIPTOR_VCRUNTIME140 000000018001bcd4     vcruntime:VCRUNTIME140.dll
 0002:00001ce8       __IMPORT_DESCRIPTOR_api-ms-win-crt-heap-l1-1-0 000000018001bce8     ucrt:api-ms-win-crt-heap-l1-1-0.dll
 0002:00001cfc       __IMPORT_DESCRIPTOR_api-ms-win-crt-math-l1-1-0 000000018001bcfc     ucrt:api-ms-win-crt-math-l1-1-0.dll
 0002:00001d10       __IMPORT_DESCRIPTOR_api-ms-win-crt-time-l1-1-0 000000018001bd10     ucrt:api-ms-win-crt-time-l1-1-0.dll
 0002:00001d24       __IMPORT_DESCRIPTOR_api-ms-win-crt-string-l1-1-0 000000018001bd24     ucrt:api-ms-win-crt-string-l1-1-0.dll
 0002:00001d38       __IMPORT_DESCRIPTOR_api-ms-win-crt-stdio-l1-1-0 000000018001bd38     ucrt:api-ms-win-crt-stdio-l1-1-0.dll
 0002:00001d4c       __IMPORT_DESCRIPTOR_api-ms-win-crt-runtime-l1-1-0 000000018001bd4c     ucrt:api-ms-win-crt-runtime-l1-1-0.dll
 0002:00001d60       __NULL_IMPORT_DESCRIPTOR   000000018001bd60     libmx:libmx.dll
 0003:000077e0       DYNAMIC_DIMENSION          00000001800247e0     commqpsktxrx_cgxe_registry.obj
 0003:00009a50       __security_cookie_complement 0000000180026a50     MSVCRT:gs_cookie.obj
 0003:00009a58       __security_cookie          0000000180026a58     MSVCRT:gs_cookie.obj
 0003:00009a60       _fltused                   0000000180026a60     MSVCRT:fltused.obj
 0003:00009a64       __scrt_native_dllmain_reason 0000000180026a64     MSVCRT:utility.obj
 0003:00009a68       __isa_available            0000000180026a68     MSVCRT:cpu_disp.obj
 0003:00009a6c       __isa_enabled              0000000180026a6c     MSVCRT:cpu_disp.obj
 0003:00009a70       __memcpy_nt_iters          0000000180026a70     MSVCRT:cpu_disp.obj
 0003:00009a78       __memset_nt_iters          0000000180026a78     MSVCRT:cpu_disp.obj
 0003:00009a80       __scrt_ucrt_dll_is_in_use  0000000180026a80     MSVCRT:ucrt_stubs.obj
 0003:0000a050       ?__type_info_root_node@@3U__type_info_node@@A 0000000180027050     MSVCRT:tncleanup.obj
 0003:0000a060       ?_OptionsStorage@?1??__local_stdio_printf_options@@9@4_KA 0000000180027060     MSVCRT:default_local_stdio_options.obj
 0003:0000a068       ?_OptionsStorage@?1??__local_stdio_scanf_options@@9@4_KA 0000000180027068     MSVCRT:default_local_stdio_options.obj
 0003:0000a070       __scrt_current_native_startup_state 0000000180027070     MSVCRT:utility.obj
 0003:0000a078       __scrt_native_startup_lock 0000000180027078     MSVCRT:utility.obj
 0003:0000a0b8       __scrt_debugger_hook_flag  00000001800270b8     MSVCRT:utility_desktop.obj
 0003:0000a0c0       __castguard_check_failure_os_handled_fptr 00000001800270c0     MSVCRT:guard_support.obj
 0003:0000a0c8       __favor                    00000001800270c8     MSVCRT:cpu_disp.obj
 0003:0000a0d0       ?_OptionsStorage@?1??__local_stdio_printf_options@@9@9 00000001800270d0     <common>
 0003:0000a0d8       __dyn_tls_init_callback    00000001800270d8     <common>

 entry point at        0001:00017df0

 Static symbols

 0000:00000000       .debug$S                   0000000180000000     commqpsktxrx_cgxe.exp
 0000:fffd7000       _volmd                     0000000180000000     commqpsktxrx_cgxe_registry.obj
 0000:fffd7000       _volmd                     0000000180000000     m_BTWFqGYD8aagFTEBQPdwsF.obj
 0000:fffd7000       _volmd                     0000000180000000     m_FpwZVT78uS5A5Xdp3o5d3.obj
 0000:fffd7000       _volmd                     0000000180000000     MSVCRT:cpu_disp.obj
 0002:fffe6000       __guard_ehcont_?dllmain_dispatch@@YAHQEAUHINSTANCE__@@KQEAX@Z 0000000180000000     MSVCRT:dll_dllmain.obj
 0002:fffe6000       __guard_fids_?dllmain_dispatch@@YAHQEAUHINSTANCE__@@KQEAX@Z 0000000180000000     MSVCRT:dll_dllmain.obj
 0000:fffd7000       _volmd                     0000000180000000     MSVCRT:gs_report.obj
 0000:fffd7000       _volmd                     0000000180000000     MSVCRT:gs_report.obj
 0000:fffd7000       _volmd                     0000000180000000     MSVCRT:gs_report.obj
 0002:fffe6000       __guard_fids__             0000000180000000     MSVCRT:guard_support.obj
 0002:fffe6000       __guard_fids__             0000000180000000     MSVCRT:guard_support.obj
 0002:fffe6000       __guard_fids__guard_icall_checks_enforced 0000000180000000     MSVCRT:guard_support.obj
 0000:fffd7000       _volmd                     0000000180000000     MSVCRT:guard_support.obj
 0000:fffd7000       _volmd                     0000000180000000     MSVCRT:guard_support.obj
 0000:fffd7000       _volmd                     0000000180000000     MSVCRT:guard_support.obj
 0000:fffd7000       _volmd                     0000000180000000     MSVCRT:guard_support.obj
 0000:fffd7000       _volmd                     0000000180000000     MSVCRT:guard_support.obj
 0002:fffe6000       __guard_ehcont___scrt_is_nonwritable_in_current_image 0000000180000000     MSVCRT:utility.obj
 0000:fffd7000       _volmd                     0000000180000000     MSVCRT:utility.obj
 0000:fffd7000       _volmd                     0000000180000000     MSVCRT:utility.obj
 0000:fffd7000       _volmd                     0000000180000000     MSVCRT:utility.obj
 0002:fffe6000       __guard_fids___scrt_set_unhandled_exception_filter 0000000180000000     MSVCRT:utility_desktop.obj
 0000:fffd7000       _volmd                     0000000180000000     MSVCRT:utility_desktop.obj
 0000:00000000       .debug$S                   0000000180000000     vcruntime:VCRUNTIME140.dll
 0000:00000000       .debug$S                   0000000180000000     vcruntime:VCRUNTIME140.dll
 0000:00000000       .debug$S                   0000000180000000     vcruntime:VCRUNTIME140.dll
 0000:00000000       .debug$S                   0000000180000000     vcruntime:VCRUNTIME140.dll
 0000:00000000       .debug$S                   0000000180000000     vcruntime:VCRUNTIME140.dll
 0000:00000000       .debug$S                   0000000180000000     vcruntime:VCRUNTIME140.dll
 0000:00000000       .debug$S                   0000000180000000     vcruntime:VCRUNTIME140.dll
 0000:00000000       .debug$S                   0000000180000000     ucrt:api-ms-win-crt-heap-l1-1-0.dll
 0000:00000000       .debug$S                   0000000180000000     ucrt:api-ms-win-crt-heap-l1-1-0.dll
 0000:00000000       .debug$S                   0000000180000000     ucrt:api-ms-win-crt-heap-l1-1-0.dll
 0000:00000000       .debug$S                   0000000180000000     ucrt:api-ms-win-crt-math-l1-1-0.dll
 0000:00000000       .debug$S                   0000000180000000     ucrt:api-ms-win-crt-math-l1-1-0.dll
 0000:00000000       .debug$S                   0000000180000000     ucrt:api-ms-win-crt-runtime-l1-1-0.dll
 0000:00000000       .debug$S                   0000000180000000     ucrt:api-ms-win-crt-runtime-l1-1-0.dll
 0000:00000000       .debug$S                   0000000180000000     ucrt:api-ms-win-crt-runtime-l1-1-0.dll
 0000:00000000       .debug$S                   0000000180000000     ucrt:api-ms-win-crt-runtime-l1-1-0.dll
 0000:00000000       .debug$S                   0000000180000000     ucrt:api-ms-win-crt-runtime-l1-1-0.dll
 0000:00000000       .debug$S                   0000000180000000     ucrt:api-ms-win-crt-runtime-l1-1-0.dll
 0000:00000000       .debug$S                   0000000180000000     ucrt:api-ms-win-crt-runtime-l1-1-0.dll
 0000:00000000       .debug$S                   0000000180000000     ucrt:api-ms-win-crt-runtime-l1-1-0.dll
 0000:00000000       .debug$S                   0000000180000000     ucrt:api-ms-win-crt-runtime-l1-1-0.dll
 0000:00000000       .debug$S                   0000000180000000     ucrt:api-ms-win-crt-runtime-l1-1-0.dll
 0000:00000000       .debug$S                   0000000180000000     ucrt:api-ms-win-crt-runtime-l1-1-0.dll
 0000:00000000       .debug$S                   0000000180000000     ucrt:api-ms-win-crt-runtime-l1-1-0.dll
 0000:00000000       .debug$S                   0000000180000000     ucrt:api-ms-win-crt-stdio-l1-1-0.dll
 0000:00000000       .debug$S                   0000000180000000     ucrt:api-ms-win-crt-string-l1-1-0.dll
 0000:00000000       .debug$S                   0000000180000000     ucrt:api-ms-win-crt-string-l1-1-0.dll
 0000:00000000       .debug$S                   0000000180000000     ucrt:api-ms-win-crt-time-l1-1-0.dll
 0000:00000000       .debug$S                   0000000180000000     ucrt:api-ms-win-crt-time-l1-1-0.dll
 0000:00000000       .debug$S                   0000000180000000     kernel32:KERNEL32.dll
 0000:00000000       .debug$S                   0000000180000000     kernel32:KERNEL32.dll
 0000:00000000       .debug$S                   0000000180000000     kernel32:KERNEL32.dll
 0000:00000000       .debug$S                   0000000180000000     kernel32:KERNEL32.dll
 0000:00000000       .debug$S                   0000000180000000     kernel32:KERNEL32.dll
 0000:00000000       .debug$S                   0000000180000000     kernel32:KERNEL32.dll
 0000:00000000       .debug$S                   0000000180000000     kernel32:KERNEL32.dll
 0000:00000000       .debug$S                   0000000180000000     kernel32:KERNEL32.dll
 0000:00000000       .debug$S                   0000000180000000     kernel32:KERNEL32.dll
 0000:00000000       .debug$S                   0000000180000000     kernel32:KERNEL32.dll
 0000:00000000       .debug$S                   0000000180000000     kernel32:KERNEL32.dll
 0000:00000000       .debug$S                   0000000180000000     kernel32:KERNEL32.dll
 0000:00000000       .debug$S                   0000000180000000     kernel32:KERNEL32.dll
 0000:00000000       .debug$S                   0000000180000000     kernel32:KERNEL32.dll
 0000:00000000       .debug$S                   0000000180000000     kernel32:KERNEL32.dll
 0000:00000000       .debug$S                   0000000180000000     kernel32:KERNEL32.dll
 0000:00000000       .debug$S                   0000000180000000     kernel32:KERNEL32.dll
 0000:00000000       .debug$S                   0000000180000000     libemlrt:libemlrt.dll
 0000:00000000       .debug$S                   0000000180000000     libemlrt:libemlrt.dll
 0000:00000000       .debug$S                   0000000180000000     libemlrt:libemlrt.dll
 0000:00000000       .debug$S                   0000000180000000     libemlrt:libemlrt.dll
 0000:00000000       .debug$S                   0000000180000000     libemlrt:libemlrt.dll
 0000:00000000       .debug$S                   0000000180000000     libemlrt:libemlrt.dll
 0000:00000000       .debug$S                   0000000180000000     libemlrt:libemlrt.dll
 0000:00000000       .debug$S                   0000000180000000     libemlrt:libemlrt.dll
 0000:00000000       .debug$S                   0000000180000000     libemlrt:libemlrt.dll
 0000:00000000       .debug$S                   0000000180000000     libemlrt:libemlrt.dll
 0000:00000000       .debug$S                   0000000180000000     libemlrt:libemlrt.dll
 0000:00000000       .debug$S                   0000000180000000     libemlrt:libemlrt.dll
 0000:00000000       .debug$S                   0000000180000000     libemlrt:libemlrt.dll
 0000:00000000       .debug$S                   0000000180000000     libemlrt:libemlrt.dll
 0000:00000000       .debug$S                   0000000180000000     libemlrt:libemlrt.dll
 0000:00000000       .debug$S                   0000000180000000     libemlrt:libemlrt.dll
 0000:00000000       .debug$S                   0000000180000000     libemlrt:libemlrt.dll
 0000:00000000       .debug$S                   0000000180000000     libemlrt:libemlrt.dll
 0000:00000000       .debug$S                   0000000180000000     libemlrt:libemlrt.dll
 0000:00000000       .debug$S                   0000000180000000     libemlrt:libemlrt.dll
 0000:00000000       .debug$S                   0000000180000000     libemlrt:libemlrt.dll
 0000:00000000       .debug$S                   0000000180000000     libemlrt:libemlrt.dll
 0000:00000000       .debug$S                   0000000180000000     libemlrt:libemlrt.dll
 0000:00000000       .debug$S                   0000000180000000     libemlrt:libemlrt.dll
 0000:00000000       .debug$S                   0000000180000000     libemlrt:libemlrt.dll
 0000:00000000       .debug$S                   0000000180000000     libemlrt:libemlrt.dll
 0000:00000000       .debug$S                   0000000180000000     libemlrt:libemlrt.dll
 0000:00000000       .debug$S                   0000000180000000     libemlrt:libemlrt.dll
 0000:00000000       .debug$S                   0000000180000000     libmex:libmex.dll
 0000:00000000       .debug$S                   0000000180000000     libmex:libmex.dll
 0000:00000000       .debug$S                   0000000180000000     libmex:libmex.dll
 0000:00000000       .debug$S                   0000000180000000     libmex:libmex.dll
 0000:00000000       .debug$S                   0000000180000000     libmex:libmex.dll
 0000:00000000       .debug$S                   0000000180000000     libmwcgxert:libmwcgxert.dll
 0000:00000000       .debug$S                   0000000180000000     libmwcgxert:libmwcgxert.dll
 0000:00000000       .debug$S                   0000000180000000     libmwcgxert:libmwcgxert.dll
 0000:00000000       .debug$S                   0000000180000000     libmwcgxert:libmwcgxert.dll
 0000:00000000       .debug$S                   0000000180000000     libmwcgxert:libmwcgxert.dll
 0000:00000000       .debug$S                   0000000180000000     libmwcgxert:libmwcgxert.dll
 0000:00000000       .debug$S                   0000000180000000     libmwcgxert:libmwcgxert.dll
 0000:00000000       .debug$S                   0000000180000000     libmwcgxert:libmwcgxert.dll
 0000:00000000       .debug$S                   0000000180000000     libmwcgxert:libmwcgxert.dll
 0000:00000000       .debug$S                   0000000180000000     libmwcgxert:libmwcgxert.dll
 0000:00000000       .debug$S                   0000000180000000     libmwcgxert:libmwcgxert.dll
 0000:00000000       .debug$S                   0000000180000000     libmwcgxert:libmwcgxert.dll
 0000:00000000       .debug$S                   0000000180000000     libmwcgxert:libmwcgxert.dll
 0000:00000000       .debug$S                   0000000180000000     libmwmathutil:libmwmathutil.dll
 0000:00000000       .debug$S                   0000000180000000     libmwmathutil:libmwmathutil.dll
 0000:00000000       .debug$S                   0000000180000000     libmwmathutil:libmwmathutil.dll
 0000:00000000       .debug$S                   0000000180000000     libmwmathutil:libmwmathutil.dll
 0000:00000000       .debug$S                   0000000180000000     libmwmathutil:libmwmathutil.dll
 0000:00000000       .debug$S                   0000000180000000     libmwmathutil:libmwmathutil.dll
 0000:00000000       .debug$S                   0000000180000000     libmwmathutil:libmwmathutil.dll
 0000:00000000       .debug$S                   0000000180000000     libmwmathutil:libmwmathutil.dll
 0000:00000000       .debug$S                   0000000180000000     libmwmathutil:libmwmathutil.dll
 0000:00000000       .debug$S                   0000000180000000     libmwmathutil:libmwmathutil.dll
 0000:00000000       .debug$S                   0000000180000000     libmwmathutil:libmwmathutil.dll
 0000:00000000       .debug$S                   0000000180000000     libmx:libmx.dll
 0000:00000000       .debug$S                   0000000180000000     libmx:libmx.dll
 0000:00000000       .debug$S                   0000000180000000     libmx:libmx.dll
 0000:00000000       .debug$S                   0000000180000000     libmx:libmx.dll
 0000:00000000       .debug$S                   0000000180000000     libmx:libmx.dll
 0000:00000000       .debug$S                   0000000180000000     libmx:libmx.dll
 0000:00000000       .debug$S                   0000000180000000     libmx:libmx.dll
 0000:00000000       .debug$S                   0000000180000000     libmx:libmx.dll
 0000:00000000       .debug$S                   0000000180000000     libmx:libmx.dll
 0000:00000000       .debug$S                   0000000180000000     libmx:libmx.dll
 0000:00000000       .debug$S                   0000000180000000     libmx:libmx.dll
 0000:00000000       .debug$S                   0000000180000000     libmx:libmx.dll
 0000:00000000       .debug$S                   0000000180000000     libmx:libmx.dll
 0000:00000000       .debug$S                   0000000180000000     libmx:libmx.dll
 0000:00000000       .debug$S                   0000000180000000     libmx:libmx.dll
 0000:00000000       .debug$S                   0000000180000000     libmx:libmx.dll
 0000:00000000       .debug$S                   0000000180000000     libmx:libmx.dll
 0000:00000000       .debug$S                   0000000180000000     libmx:libmx.dll
 0000:00000000       .debug$S                   0000000180000000     libmx:libmx.dll
 0000:00000000       .debug$S                   0000000180000000     libmx:libmx.dll
 0000:fffd7010       _volmd                     0000000180000010     commqpsktxrx_cgxe_registry.obj
 0000:fffd7010       _volmd                     0000000180000010     m_BTWFqGYD8aagFTEBQPdwsF.obj
 0000:fffd7010       _volmd                     0000000180000010     m_FpwZVT78uS5A5Xdp3o5d3.obj
 0000:fffd7020       _volmd                     0000000180000020     commqpsktxrx_cgxe_registry.obj
 0000:fffd7020       _volmd                     0000000180000020     m_BTWFqGYD8aagFTEBQPdwsF.obj
 0000:fffd7020       _volmd                     0000000180000020     m_FpwZVT78uS5A5Xdp3o5d3.obj
 0000:fffd7030       _volmd                     0000000180000030     commqpsktxrx_cgxe_registry.obj
 0000:fffd7030       _volmd                     0000000180000030     m_BTWFqGYD8aagFTEBQPdwsF.obj
 0000:fffd7030       _volmd                     0000000180000030     m_FpwZVT78uS5A5Xdp3o5d3.obj
 0000:fffd7040       _volmd                     0000000180000040     commqpsktxrx_cgxe_registry.obj
 0000:fffd7040       _volmd                     0000000180000040     m_BTWFqGYD8aagFTEBQPdwsF.obj
 0000:fffd7040       _volmd                     0000000180000040     m_FpwZVT78uS5A5Xdp3o5d3.obj
 0000:fffd7050       _volmd                     0000000180000050     commqpsktxrx_cgxe_registry.obj
 0000:fffd7050       _volmd                     0000000180000050     m_BTWFqGYD8aagFTEBQPdwsF.obj
 0000:fffd7050       _volmd                     0000000180000050     m_FpwZVT78uS5A5Xdp3o5d3.obj
 0000:fffd7060       _volmd                     0000000180000060     commqpsktxrx_cgxe_registry.obj
 0000:fffd7060       _volmd                     0000000180000060     m_BTWFqGYD8aagFTEBQPdwsF.obj
 0000:fffd7060       _volmd                     0000000180000060     m_FpwZVT78uS5A5Xdp3o5d3.obj
[...]
 0003:00007a90       $SG21675                   0000000180024a90     commqpsktxrx_cgxe_registry.obj
 0003:00007ab8       _sfcnName                  0000000180024ab8     commqpsktxrx_cgxe_registry.obj
 0003:00007ae8       $SG22101                   0000000180024ae8     commqpsktxrx_cgxe_registry.obj
 0003:00007b00       $SG21692                   0000000180024b00     commqpsktxrx_cgxe_registry.obj
 0003:00007b78       $SG22102                   0000000180024b78     commqpsktxrx_cgxe_registry.obj
 0003:00007b90       $SG21697                   0000000180024b90     commqpsktxrx_cgxe_registry.obj
 0003:00007c08       $SG22116                   0000000180024c08     commqpsktxrx_cgxe_registry.obj
 0003:00007c18       $SG22306                   0000000180024c18     commqpsktxrx_cgxe_registry.obj
 0003:00007c58       $SG22307                   0000000180024c58     commqpsktxrx_cgxe_registry.obj
 0003:00007c68       $SG22308                   0000000180024c68     commqpsktxrx_cgxe_registry.obj
 0003:00007c70       $SG22312                   0000000180024c70     commqpsktxrx_cgxe_registry.obj
 0003:00007cb8       $SG22313                   0000000180024cb8     commqpsktxrx_cgxe_registry.obj
 0003:00007cc8       $SG22314                   0000000180024cc8     commqpsktxrx_cgxe_registry.obj
 0003:00007cd0       $SG22315                   0000000180024cd0     commqpsktxrx_cgxe_registry.obj
 0003:00007d28       $SG22316                   0000000180024d28     commqpsktxrx_cgxe_registry.obj
 0003:00007d38       $SG22317                   0000000180024d38     commqpsktxrx_cgxe_registry.obj
 0003:00007d40       $SG22339                   0000000180024d40     commqpsktxrx_cgxe_registry.obj
 0003:00007d80       $SG22340                   0000000180024d80     commqpsktxrx_cgxe_registry.obj
 0003:00007d90       $SG22341                   0000000180024d90     commqpsktxrx_cgxe_registry.obj
 0003:00007d98       $SG22347                   0000000180024d98     commqpsktxrx_cgxe_registry.obj
 0003:00007da0       $SG22345                   0000000180024da0     commqpsktxrx_cgxe_registry.obj
 0003:00007de8       $SG22346                   0000000180024de8     commqpsktxrx_cgxe_registry.obj
 0003:00007df8       $SG22350                   0000000180024df8     commqpsktxrx_cgxe_registry.obj
 0003:00007e00       $SG22348                   0000000180024e00     commqpsktxrx_cgxe_registry.obj
 0003:00007e58       $SG22349                   0000000180024e58     commqpsktxrx_cgxe_registry.obj
 0003:00007e68       $SG22376                   0000000180024e68     commqpsktxrx_cgxe_registry.obj
 0003:00007e70       $SG22374                   0000000180024e70     commqpsktxrx_cgxe_registry.obj
 0003:00007ec0       $SG22375                   0000000180024ec0     commqpsktxrx_cgxe_registry.obj
 0003:00007ed0       $SG22388                   0000000180024ed0     commqpsktxrx_cgxe_registry.obj
 0003:00007f30       $SG22389                   0000000180024f30     commqpsktxrx_cgxe_registry.obj
 0003:00007f38       $SG22390                   0000000180024f38     commqpsktxrx_cgxe_registry.obj
 0003:00007f40       $SG22402                   0000000180024f40     commqpsktxrx_cgxe_registry.obj
 0003:00007fa0       $SG22403                   0000000180024fa0     commqpsktxrx_cgxe_registry.obj
 0003:00007fa8       $SG22404                   0000000180024fa8     commqpsktxrx_cgxe_registry.obj
 0003:00007fb0       $SG22757                   0000000180024fb0     commqpsktxrx_cgxe_registry.obj
 0003:00008028       $SG23379                   0000000180025028     commqpsktxrx_cgxe_registry.obj
 0003:00008040       $SG22760                   0000000180025040     commqpsktxrx_cgxe_registry.obj
 0003:000080b4       $SG23450                   00000001800250b4     commqpsktxrx_cgxe_registry.obj
 0003:000080c0       $SG22765                   00000001800250c0     commqpsktxrx_cgxe_registry.obj
 0003:00008138       $SG23451                   0000000180025138     commqpsktxrx_cgxe_registry.obj
 0003:00008140       $SG22773                   0000000180025140     commqpsktxrx_cgxe_registry.obj
 0003:000081b0       $SG23048                   00000001800251b0     commqpsktxrx_cgxe_registry.obj
 0003:00008228       $SG23452                   0000000180025228     commqpsktxrx_cgxe_registry.obj
 0003:00008230       $SG23053                   0000000180025230     commqpsktxrx_cgxe_registry.obj
 0003:000082a8       $SG23458                   00000001800252a8     commqpsktxrx_cgxe_registry.obj
 0003:000082b0       $SG23392                   00000001800252b0     commqpsktxrx_cgxe_registry.obj
 0003:00008328       $SG23461                   0000000180025328     commqpsktxrx_cgxe_registry.obj
 0003:00008330       $SG23453                   0000000180025330     commqpsktxrx_cgxe_registry.obj
 0003:000083a8       $SG23464                   00000001800253a8     commqpsktxrx_cgxe_registry.obj
 0003:000083b0       $SG23455                   00000001800253b0     commqpsktxrx_cgxe_registry.obj
 0003:00008430       $SG23465                   0000000180025430     commqpsktxrx_cgxe_registry.obj
 0003:000084b0       $SG23466                   00000001800254b0     commqpsktxrx_cgxe_registry.obj
 0003:000084c0       $SG23468                   00000001800254c0     commqpsktxrx_cgxe_registry.obj
 0003:000084cc       $SG23470                   00000001800254cc     commqpsktxrx_cgxe_registry.obj
 0003:000084d4       $SG23472                   00000001800254d4     commqpsktxrx_cgxe_registry.obj
 0003:000084e0       $SG23474                   00000001800254e0     commqpsktxrx_cgxe_registry.obj
 0003:000084f0       $SG23479                   00000001800254f0     commqpsktxrx_cgxe_registry.obj
 0003:000085d8       $SG23597                   00000001800255d8     commqpsktxrx_cgxe_registry.obj
 0003:00008608       $SG23598                   0000000180025608     commqpsktxrx_cgxe_registry.obj
 0003:00008618       $SG23599                   0000000180025618     commqpsktxrx_cgxe_registry.obj
 0003:00008620       $SG23601                   0000000180025620     commqpsktxrx_cgxe_registry.obj
 0003:00008658       $SG23602                   0000000180025658     commqpsktxrx_cgxe_registry.obj
 0003:00008668       $SG23603                   0000000180025668     commqpsktxrx_cgxe_registry.obj
 0003:00008670       $SG23606                   0000000180025670     commqpsktxrx_cgxe_registry.obj
 0003:000086a8       $SG23607                   00000001800256a8     commqpsktxrx_cgxe_registry.obj
 0003:000086b8       $SG23608                   00000001800256b8     commqpsktxrx_cgxe_registry.obj
 0003:000086c0       $SG23610                   00000001800256c0     commqpsktxrx_cgxe_registry.obj
 0003:000086f8       $SG23611                   00000001800256f8     commqpsktxrx_cgxe_registry.obj
 0003:00008708       $SG23612                   0000000180025708     commqpsktxrx_cgxe_registry.obj
 0003:00008710       $SG23614                   0000000180025710     commqpsktxrx_cgxe_registry.obj
 0003:00008748       $SG23615                   0000000180025748     commqpsktxrx_cgxe_registry.obj
 0003:00008758       $SG23616                   0000000180025758     commqpsktxrx_cgxe_registry.obj
 0003:00008760       $SG23619                   0000000180025760     commqpsktxrx_cgxe_registry.obj
 0003:00008778       $SG23621                   0000000180025778     commqpsktxrx_cgxe_registry.obj
 0003:00008790       $SG23622                   0000000180025790     commqpsktxrx_cgxe_registry.obj
 0003:000087c8       $SG23623                   00000001800257c8     commqpsktxrx_cgxe_registry.obj
 0003:000087d8       $SG23624                   00000001800257d8     commqpsktxrx_cgxe_registry.obj
 0003:000087e0       $SG23759                   00000001800257e0     commqpsktxrx_cgxe_registry.obj
 0003:00008800       $SG23760                   0000000180025800     commqpsktxrx_cgxe_registry.obj
 0003:00008890       $SG23766                   0000000180025890     commqpsktxrx_cgxe_registry.obj
 0003:000088a8       $SG23773                   00000001800258a8     commqpsktxrx_cgxe_registry.obj
 0003:000088c0       $SG23767                   00000001800258c0     commqpsktxrx_cgxe_registry.obj
 0003:00008950       $SG23774                   0000000180025950     commqpsktxrx_cgxe_registry.obj
 0003:000089e0       $SG23780                   00000001800259e0     commqpsktxrx_cgxe_registry.obj
 0003:00008a00       $SG23781                   0000000180025a00     commqpsktxrx_cgxe_registry.obj
 0003:00008a90       $SG23787                   0000000180025a90     commqpsktxrx_cgxe_registry.obj
 0003:00008ab0       $SG23788                   0000000180025ab0     commqpsktxrx_cgxe_registry.obj
 0003:00008b40       $SG23792                   0000000180025b40     commqpsktxrx_cgxe_registry.obj
 0003:00008b60       $SG23793                   0000000180025b60     commqpsktxrx_cgxe_registry.obj
 0003:00008bf0       $SG23797                   0000000180025bf0     commqpsktxrx_cgxe_registry.obj
 0003:00008c18       $SG23802                   0000000180025c18     commqpsktxrx_cgxe_registry.obj
 0003:00008c40       $SG23798                   0000000180025c40     commqpsktxrx_cgxe_registry.obj
 0003:00008cd0       $SG23803                   0000000180025cd0     commqpsktxrx_cgxe_registry.obj
 0003:00008d60       $SG23807                   0000000180025d60     commqpsktxrx_cgxe_registry.obj
 0003:00008d80       $SG23808                   0000000180025d80     commqpsktxrx_cgxe_registry.obj
 0003:00008e10       $SG23812                   0000000180025e10     commqpsktxrx_cgxe_registry.obj
 0003:00008e30       $SG23813                   0000000180025e30     commqpsktxrx_cgxe_registry.obj
 0003:00008ec0       $SG23817                   0000000180025ec0     commqpsktxrx_cgxe_registry.obj
 0003:00008ed8       $SG23853                   0000000180025ed8     commqpsktxrx_cgxe_registry.obj
 0003:00008ef0       $SG23818                   0000000180025ef0     commqpsktxrx_cgxe_registry.obj
 0003:00008f80       $SG23822                   0000000180025f80     commqpsktxrx_cgxe_registry.obj
 0003:00008fa0       $SG23823                   0000000180025fa0     commqpsktxrx_cgxe_registry.obj
 0003:00009030       $SG23827                   0000000180026030     commqpsktxrx_cgxe_registry.obj
 0003:00009050       $SG23828                   0000000180026050     commqpsktxrx_cgxe_registry.obj
 0003:000090e0       $SG23832                   00000001800260e0     commqpsktxrx_cgxe_registry.obj
 0003:00009100       $SG23833                   0000000180026100     commqpsktxrx_cgxe_registry.obj
 0003:00009190       $SG23837                   0000000180026190     commqpsktxrx_cgxe_registry.obj
 0003:000091b0       $SG23838                   00000001800261b0     commqpsktxrx_cgxe_registry.obj
 0003:00009240       $SG23842                   0000000180026240     commqpsktxrx_cgxe_registry.obj
 0003:00009260       $SG23843                   0000000180026260     commqpsktxrx_cgxe_registry.obj
 0003:000092f0       $SG23847                   00000001800262f0     commqpsktxrx_cgxe_registry.obj
 0003:00009310       $SG23848                   0000000180026310     commqpsktxrx_cgxe_registry.obj
 0003:000093a0       $SG23854                   00000001800263a0     commqpsktxrx_cgxe_registry.obj
 0003:00009430       $SG23859                   0000000180026430     commqpsktxrx_cgxe_registry.obj
 0003:00009448       $SG23869                   0000000180026448     commqpsktxrx_cgxe_registry.obj
 0003:00009460       $SG23860                   0000000180026460     commqpsktxrx_cgxe_registry.obj
 0003:000094f0       $SG23864                   00000001800264f0     commqpsktxrx_cgxe_registry.obj
 0003:00009500       $SG23865                   0000000180026500     commqpsktxrx_cgxe_registry.obj
 0003:00009590       $SG23870                   0000000180026590     commqpsktxrx_cgxe_registry.obj
 0003:00009620       $SG23878                   0000000180026620     commqpsktxrx_cgxe_registry.obj
 0003:00009630       $SG23879                   0000000180026630     commqpsktxrx_cgxe_registry.obj
 0003:000096c0       $SG23883                   00000001800266c0     commqpsktxrx_cgxe_registry.obj
 0003:00009740       $SG23885                   0000000180026740     commqpsktxrx_cgxe_registry.obj
 0003:000097b8       $SG23932                   00000001800267b8     commqpsktxrx_cgxe_registry.obj
 0003:000097c8       $SG24013                   00000001800267c8     commqpsktxrx_cgxe_registry.obj
 0003:000097d0       $SG23889                   00000001800267d0     commqpsktxrx_cgxe_registry.obj
 0003:00009848       $SG23943                   0000000180026848     commqpsktxrx_cgxe_registry.obj
 0003:00009858       $SG24014                   0000000180026858     commqpsktxrx_cgxe_registry.obj
 0003:00009860       $SG23919                   0000000180026860     commqpsktxrx_cgxe_registry.obj
 0003:00009978       $SG23956                   0000000180026978     commqpsktxrx_cgxe_registry.obj
 0003:00009988       $SG23967                   0000000180026988     commqpsktxrx_cgxe_registry.obj
 0003:00009998       $SG23980                   0000000180026998     commqpsktxrx_cgxe_registry.obj
 0003:000099a8       $SG23991                   00000001800269a8     commqpsktxrx_cgxe_registry.obj
 0003:000099b8       $SG24001                   00000001800269b8     commqpsktxrx_cgxe_registry.obj
 0003:000099d8       $SG24012                   00000001800269d8     commqpsktxrx_cgxe_registry.obj
 0003:00009a08       $SG24025                   0000000180026a08     commqpsktxrx_cgxe_registry.obj
 0003:00009a40       $SG24026                   0000000180026a40     commqpsktxrx_cgxe_registry.obj
 0003:00009a48       $SG24027                   0000000180026a48     commqpsktxrx_cgxe_registry.obj
 0003:00009a90       $SG22981                   0000000180026a90     m_BTWFqGYD8aagFTEBQPdwsF.obj
 0003:00009a91       $SG22982                   0000000180026a91     m_BTWFqGYD8aagFTEBQPdwsF.obj
 0003:00009a92       $SG22984                   0000000180026a92     m_BTWFqGYD8aagFTEBQPdwsF.obj
 0003:00009a93       $SG22985                   0000000180026a93     m_BTWFqGYD8aagFTEBQPdwsF.obj
 0003:00009a94       $SG22987                   0000000180026a94     m_BTWFqGYD8aagFTEBQPdwsF.obj
 0003:00009a95       $SG22988                   0000000180026a95     m_BTWFqGYD8aagFTEBQPdwsF.obj
 0003:00009a96       $SG22990                   0000000180026a96     m_BTWFqGYD8aagFTEBQPdwsF.obj
 0003:00009a97       $SG22991                   0000000180026a97     m_BTWFqGYD8aagFTEBQPdwsF.obj
 0003:00009a98       $SG22993                   0000000180026a98     m_BTWFqGYD8aagFTEBQPdwsF.obj
 0003:00009a99       $SG22994                   0000000180026a99     m_BTWFqGYD8aagFTEBQPdwsF.obj
 0003:00009a9a       $SG22996                   0000000180026a9a     m_BTWFqGYD8aagFTEBQPdwsF.obj
 0003:00009a9b       $SG22997                   0000000180026a9b     m_BTWFqGYD8aagFTEBQPdwsF.obj
 0003:00009a9c       $SG23014                   0000000180026a9c     m_BTWFqGYD8aagFTEBQPdwsF.obj
 0003:00009a9d       $SG23015                   0000000180026a9d     m_BTWFqGYD8aagFTEBQPdwsF.obj
 0003:00009a9e       $SG23017                   0000000180026a9e     m_BTWFqGYD8aagFTEBQPdwsF.obj
 0003:00009a9f       $SG23018                   0000000180026a9f     m_BTWFqGYD8aagFTEBQPdwsF.obj
 0003:00009aa0       $SG23020                   0000000180026aa0     m_BTWFqGYD8aagFTEBQPdwsF.obj
 0003:00009aa1       $SG23021                   0000000180026aa1     m_BTWFqGYD8aagFTEBQPdwsF.obj
 0003:00009aa2       $SG23023                   0000000180026aa2     m_BTWFqGYD8aagFTEBQPdwsF.obj
 0003:00009aa3       $SG23024                   0000000180026aa3     m_BTWFqGYD8aagFTEBQPdwsF.obj
 0003:00009aa4       $SG23026                   0000000180026aa4     m_BTWFqGYD8aagFTEBQPdwsF.obj
 0003:00009aa5       $SG23027                   0000000180026aa5     m_BTWFqGYD8aagFTEBQPdwsF.obj
 0003:00009aa6       $SG23071                   0000000180026aa6     m_BTWFqGYD8aagFTEBQPdwsF.obj
 0003:00009aa7       $SG23072                   0000000180026aa7     m_BTWFqGYD8aagFTEBQPdwsF.obj
 0003:00009aa8       $SG23074                   0000000180026aa8     m_BTWFqGYD8aagFTEBQPdwsF.obj
 0003:00009aa9       $SG23078                   0000000180026aa9     m_BTWFqGYD8aagFTEBQPdwsF.obj
 0003:00009aaa       $SG23082                   0000000180026aaa     m_BTWFqGYD8aagFTEBQPdwsF.obj
 0003:00009aab       $SG23086                   0000000180026aab     m_BTWFqGYD8aagFTEBQPdwsF.obj
 0003:00009aac       $SG23087                   0000000180026aac     m_BTWFqGYD8aagFTEBQPdwsF.obj
 0003:00009aad       $SG25056                   0000000180026aad     m_BTWFqGYD8aagFTEBQPdwsF.obj
 0003:00009aae       $SG25057                   0000000180026aae     m_BTWFqGYD8aagFTEBQPdwsF.obj
 0003:00009aaf       $SG25058                   0000000180026aaf     m_BTWFqGYD8aagFTEBQPdwsF.obj
 0003:00009ab0       $SG25059                   0000000180026ab0     m_BTWFqGYD8aagFTEBQPdwsF.obj
 0003:00009ab1       $SG25060                   0000000180026ab1     m_BTWFqGYD8aagFTEBQPdwsF.obj
 0003:00009ab2       $SG25061                   0000000180026ab2     m_BTWFqGYD8aagFTEBQPdwsF.obj
 0003:00009ab3       $SG23037                   0000000180026ab3     m_FpwZVT78uS5A5Xdp3o5d3.obj
 0003:00009ab4       $SG23038                   0000000180026ab4     m_FpwZVT78uS5A5Xdp3o5d3.obj
 0003:00009ab5       $SG23040                   0000000180026ab5     m_FpwZVT78uS5A5Xdp3o5d3.obj
 0003:00009ab6       $SG23041                   0000000180026ab6     m_FpwZVT78uS5A5Xdp3o5d3.obj
 0003:00009ab7       $SG23043                   0000000180026ab7     m_FpwZVT78uS5A5Xdp3o5d3.obj
 0003:00009ab8       $SG23044                   0000000180026ab8     m_FpwZVT78uS5A5Xdp3o5d3.obj
 0003:00009ab9       $SG23046                   0000000180026ab9     m_FpwZVT78uS5A5Xdp3o5d3.obj
 0003:00009aba       $SG23047                   0000000180026aba     m_FpwZVT78uS5A5Xdp3o5d3.obj
 0003:00009abb       $SG23124                   0000000180026abb     m_FpwZVT78uS5A5Xdp3o5d3.obj
 0003:00009abc       $SG23125                   0000000180026abc     m_FpwZVT78uS5A5Xdp3o5d3.obj
 0003:00009abd       $SG23127                   0000000180026abd     m_FpwZVT78uS5A5Xdp3o5d3.obj
 0003:00009abe       $SG23128                   0000000180026abe     m_FpwZVT78uS5A5Xdp3o5d3.obj
 0003:00009abf       $SG23130                   0000000180026abf     m_FpwZVT78uS5A5Xdp3o5d3.obj
 0003:00009ac0       $SG23131                   0000000180026ac0     m_FpwZVT78uS5A5Xdp3o5d3.obj
 0003:00009ac1       $SG23133                   0000000180026ac1     m_FpwZVT78uS5A5Xdp3o5d3.obj
 0003:00009ac2       $SG23134                   0000000180026ac2     m_FpwZVT78uS5A5Xdp3o5d3.obj
 0003:00009ac3       $SG24659                   0000000180026ac3     m_FpwZVT78uS5A5Xdp3o5d3.obj
 0003:00009ac4       $SG24660                   0000000180026ac4     m_FpwZVT78uS5A5Xdp3o5d3.obj
 0003:00009ac8       $SG23446                   0000000180026ac8     commqpsktxrx_cgxe_registry.obj
 0003:00009aca       ?warningGuard@?1??ssGetRootSS@@9@9 0000000180026aca     commqpsktxrx_cgxe_registry.obj
 0003:00009acb       ?warningGuard@?1??ssGetParentSS@@9@9 0000000180026acb     commqpsktxrx_cgxe_registry.obj
 0003:00009ad0       GS_ExceptionRecord         0000000180026ad0     MSVCRT:gs_report.obj
 0003:00009b70       GS_ContextRecord           0000000180026b70     MSVCRT:gs_report.obj
 0003:0000a040       ?__proc_attached@@3HA      0000000180027040     MSVCRT:dll_dllmain.obj
 0003:0000a080       ?is_initialized_as_dll@@3_NA 0000000180027080     MSVCRT:utility.obj
 0003:0000a081       ?module_local_atexit_table_initialized@@3_NA 0000000180027081     MSVCRT:utility.obj
 0003:0000a088       ?module_local_atexit_table@@3U_onexit_table_t@@A 0000000180027088     MSVCRT:utility.obj
 0003:0000a0a0       ?module_local_at_quick_exit_table@@3U_onexit_table_t@@A 00000001800270a0     MSVCRT:utility.obj
